Archive member included to satisfy reference by file (symbol)

../../../../../external/micro-ecc/nrf52hf_armgcc/armgcc/micro_ecc_lib_nrf52.a(uECC.c.o)
                              _build/nrf52832_xxaa_s132/micro_ecc_backend_ecc.c.o (uECC_set_rng)
/usr/lib/gcc/arm-none-eabi/9.2.1/../../../arm-none-eabi/lib/thumb/v7e-m+fp/hard/libc_nano.a(lib_a-atexit.o)
                              /usr/lib/gcc/arm-none-eabi/9.2.1/../../../arm-none-eabi/lib/thumb/v7e-m+fp/hard/crt0.o (atexit)
/usr/lib/gcc/arm-none-eabi/9.2.1/../../../arm-none-eabi/lib/thumb/v7e-m+fp/hard/libc_nano.a(lib_a-exit.o)
                              /usr/lib/gcc/arm-none-eabi/9.2.1/../../../arm-none-eabi/lib/thumb/v7e-m+fp/hard/crt0.o (exit)
/usr/lib/gcc/arm-none-eabi/9.2.1/../../../arm-none-eabi/lib/thumb/v7e-m+fp/hard/libc_nano.a(lib_a-fini.o)
                              /usr/lib/gcc/arm-none-eabi/9.2.1/../../../arm-none-eabi/lib/thumb/v7e-m+fp/hard/crt0.o (__libc_fini_array)
/usr/lib/gcc/arm-none-eabi/9.2.1/../../../arm-none-eabi/lib/thumb/v7e-m+fp/hard/libc_nano.a(lib_a-impure.o)
                              /usr/lib/gcc/arm-none-eabi/9.2.1/../../../arm-none-eabi/lib/thumb/v7e-m+fp/hard/libc_nano.a(lib_a-exit.o) (_global_impure_ptr)
/usr/lib/gcc/arm-none-eabi/9.2.1/../../../arm-none-eabi/lib/thumb/v7e-m+fp/hard/libc_nano.a(lib_a-init.o)
                              /usr/lib/gcc/arm-none-eabi/9.2.1/../../../arm-none-eabi/lib/thumb/v7e-m+fp/hard/crt0.o (__libc_init_array)
/usr/lib/gcc/arm-none-eabi/9.2.1/../../../arm-none-eabi/lib/thumb/v7e-m+fp/hard/libc_nano.a(lib_a-memcmp.o)
                              _build/nrf52832_xxaa_s132/nrf_bootloader_fw_activation.c.o (memcmp)
/usr/lib/gcc/arm-none-eabi/9.2.1/../../../arm-none-eabi/lib/thumb/v7e-m+fp/hard/libc_nano.a(lib_a-memcpy.o)
                              _build/nrf52832_xxaa_s132/app_scheduler.c.o (memcpy)
/usr/lib/gcc/arm-none-eabi/9.2.1/../../../arm-none-eabi/lib/thumb/v7e-m+fp/hard/libc_nano.a(lib_a-memset.o)
                              /usr/lib/gcc/arm-none-eabi/9.2.1/../../../arm-none-eabi/lib/thumb/v7e-m+fp/hard/crt0.o (memset)
/usr/lib/gcc/arm-none-eabi/9.2.1/../../../arm-none-eabi/lib/thumb/v7e-m+fp/hard/libc_nano.a(lib_a-strlen.o)
                              _build/nrf52832_xxaa_s132/nrf_fprintf_format.c.o (strlen)
/usr/lib/gcc/arm-none-eabi/9.2.1/../../../arm-none-eabi/lib/thumb/v7e-m+fp/hard/libc_nano.a(lib_a-__atexit.o)
                              /usr/lib/gcc/arm-none-eabi/9.2.1/../../../arm-none-eabi/lib/thumb/v7e-m+fp/hard/libc_nano.a(lib_a-atexit.o) (__register_exitproc)
/usr/lib/gcc/arm-none-eabi/9.2.1/../../../arm-none-eabi/lib/thumb/v7e-m+fp/hard/libc_nano.a(lib_a-__call_atexit.o)
                              /usr/lib/gcc/arm-none-eabi/9.2.1/../../../arm-none-eabi/lib/thumb/v7e-m+fp/hard/libc_nano.a(lib_a-__atexit.o) (__call_exitprocs)
/usr/lib/gcc/arm-none-eabi/9.2.1/../../../arm-none-eabi/lib/thumb/v7e-m+fp/hard/libnosys.a(_exit.o)
                              /usr/lib/gcc/arm-none-eabi/9.2.1/../../../arm-none-eabi/lib/thumb/v7e-m+fp/hard/libc_nano.a(lib_a-exit.o) (_exit)

Allocating common symbols
Common symbol       size              file

nrf_nvic_state      0xc               _build/nrf52832_xxaa_s132/app_util_platform.c.o
s_dfu_settings      0x380             _build/nrf52832_xxaa_s132/nrf_dfu_settings.c.o

Discarded input sections

 .text          0x0000000000000000        0x0 /usr/lib/gcc/arm-none-eabi/9.2.1/thumb/v7e-m+fp/hard/crti.o
 .data          0x0000000000000000        0x0 /usr/lib/gcc/arm-none-eabi/9.2.1/thumb/v7e-m+fp/hard/crti.o
 .bss           0x0000000000000000        0x0 /usr/lib/gcc/arm-none-eabi/9.2.1/thumb/v7e-m+fp/hard/crti.o
 .data          0x0000000000000000        0x4 /usr/lib/gcc/arm-none-eabi/9.2.1/thumb/v7e-m+fp/hard/crtbegin.o
 .data          0x0000000000000000        0x0 /usr/lib/gcc/arm-none-eabi/9.2.1/../../../arm-none-eabi/lib/thumb/v7e-m+fp/hard/crt0.o
 .bss           0x0000000000000000        0x0 /usr/lib/gcc/arm-none-eabi/9.2.1/../../../arm-none-eabi/lib/thumb/v7e-m+fp/hard/crt0.o
 .ARM.extab     0x0000000000000000        0x0 /usr/lib/gcc/arm-none-eabi/9.2.1/../../../arm-none-eabi/lib/thumb/v7e-m+fp/hard/crt0.o
 .data          0x0000000000000000        0x0 _build/nrf52832_xxaa_s132/gcc_startup_nrf52.S.o
 .bss           0x0000000000000000        0x0 _build/nrf52832_xxaa_s132/gcc_startup_nrf52.S.o
 .group         0x0000000000000000        0xc _build/nrf52832_xxaa_s132/system_nrf52.c.o
 .group         0x0000000000000000        0xc _build/nrf52832_xxaa_s132/system_nrf52.c.o
 .group         0x0000000000000000        0xc _build/nrf52832_xxaa_s132/system_nrf52.c.o
 .group         0x0000000000000000        0xc _build/nrf52832_xxaa_s132/system_nrf52.c.o
 .group         0x0000000000000000        0xc _build/nrf52832_xxaa_s132/system_nrf52.c.o
 .group         0x0000000000000000        0xc _build/nrf52832_xxaa_s132/system_nrf52.c.o
 .group         0x0000000000000000        0xc _build/nrf52832_xxaa_s132/system_nrf52.c.o
[...]
Memory Configuration

Name             Origin             Length             Attributes
FLASH            0x0000000000076000 0x0000000000008000 xr
RAM              0x0000000020005968 0x000000000000a698 xrw
uicr_bootloader_start_address 0x0000000010001014 0x0000000000000004 r
bootloader_settings_page 0x000000000007f000 0x0000000000001000 r
uicr_mbr_params_page 0x0000000010001018 0x0000000000000004 r
mbr_params_page  0x000000000007e000 0x0000000000001000 r
*default*        0x0000000000000000 0xffffffffffffffff

Linker script and memory map


.text           0x0000000000076000     0x5f38
 *(.isr_vector)
 .isr_vector    0x0000000000076000      0x200 _build/nrf52832_xxaa_s132/gcc_startup_nrf52.S.o
                0x0000000000076000                __isr_vector
 *(.text*)
 .text          0x0000000000076200       0x88 /usr/lib/gcc/arm-none-eabi/9.2.1/thumb/v7e-m+fp/hard/crtbegin.o
 .text          0x0000000000076288       0x70 /usr/lib/gcc/arm-none-eabi/9.2.1/../../../arm-none-eabi/lib/thumb/v7e-m+fp/hard/crt0.o
                0x0000000000076288                _stack_init
                0x0000000000076290                _mainCRTStartup
                0x0000000000076290                _start
 .text          0x00000000000762f8       0x3c _build/nrf52832_xxaa_s132/gcc_startup_nrf52.S.o
                0x00000000000762f8                Reset_Handler
                0x0000000000076320                NMI_Handler
                0x0000000000076322                HardFault_Handler
                0x0000000000076324                MemoryManagement_Handler
                0x0000000000076326                BusFault_Handler
                0x0000000000076328                UsageFault_Handler
                0x000000000007632c                DebugMon_Handler
                0x000000000007632e                PendSV_Handler
                0x0000000000076330                SysTick_Handler
                0x0000000000076332                TIMER2_IRQHandler
                0x0000000000076332                RTC0_IRQHandler
                0x0000000000076332                SWI0_EGU0_IRQHandler
                0x0000000000076332                GPIOTE_IRQHandler
                0x0000000000076332                PWM1_IRQHandler
                0x0000000000076332                POWER_CLOCK_IRQHandler
                0x0000000000076332                RADIO_IRQHandler
                0x0000000000076332                PDM_IRQHandler
                0x0000000000076332                TEMP_IRQHandler
                0x0000000000076332                QDEC_IRQHandler
                0x0000000000076332                TIMER3_IRQHandler
                0x0000000000076332                FPU_IRQHandler
                0x0000000000076332                SPIM0_SPIS0_TWIM0_TWIS0_SPI0_TWI0_IRQHandler
                0x0000000000076332                UARTE0_UART0_IRQHandler
                0x0000000000076332                TIMER4_IRQHandler
                0x0000000000076332                I2S_IRQHandler
                0x0000000000076332                SWI4_EGU4_IRQHandler
                0x0000000000076332                TIMER0_IRQHandler
                0x0000000000076332                TIMER1_IRQHandler
                0x0000000000076332                PWM2_IRQHandler
                0x0000000000076332                ECB_IRQHandler
                0x0000000000076332                SPIM1_SPIS1_TWIM1_TWIS1_SPI1_TWI1_IRQHandler
                0x0000000000076332                Default_Handler
                0x0000000000076332                SAADC_IRQHandler
                0x0000000000076332                CCM_AAR_IRQHandler
                0x0000000000076332                SWI5_EGU5_IRQHandler
                0x0000000000076332                RNG_IRQHandler
                0x0000000000076332                PWM0_IRQHandler
                0x0000000000076332                SWI3_EGU3_IRQHandler
                0x0000000000076332                RTC1_IRQHandler
                0x0000000000076332                SWI1_EGU1_IRQHandler
                0x0000000000076332                SPIM2_SPIS2_SPI2_IRQHandler
                0x0000000000076332                NFCT_IRQHandler
                0x0000000000076332                MWU_IRQHandler
                0x0000000000076332                COMP_LPCOMP_IRQHandler
 .text.errata_12
                0x0000000000076334       0x40 _build/nrf52832_xxaa_s132/system_nrf52.c.o
 .text.errata_16
                0x0000000000076374       0x34 _build/nrf52832_xxaa_s132/system_nrf52.c.o
 .text.SystemInit
                0x00000000000763a8      0x25c _build/nrf52832_xxaa_s132/system_nrf52.c.o
                0x00000000000763a8                SystemInit
 .text.app_sched_init
                0x0000000000076604       0x48 _build/nrf52832_xxaa_s132/app_scheduler.c.o
                0x0000000000076604                app_sched_init
 .text.app_sched_event_put
                0x000000000007664c       0xcc _build/nrf52832_xxaa_s132/app_scheduler.c.o
                0x000000000007664c                app_sched_event_put
 .text.app_sched_execute
                0x0000000000076718       0x60 _build/nrf52832_xxaa_s132/app_scheduler.c.o
                0x0000000000076718                app_sched_execute
 .text.app_util_critical_region_enter
                0x0000000000076778       0x48 _build/nrf52832_xxaa_s132/app_util_platform.c.o
                0x0000000000076778                app_util_critical_region_enter
 .text.app_util_critical_region_exit
                0x00000000000767c0       0x2c _build/nrf52832_xxaa_s132/app_util_platform.c.o
                0x00000000000767c0                app_util_critical_region_exit
 .text.crc32_compute
                0x00000000000767ec       0x38 _build/nrf52832_xxaa_s132/crc32.c.o
                0x00000000000767ec                crc32_compute
 .text.nrf_atfifo_init
                0x0000000000076824       0x26 _build/nrf52832_xxaa_s132/nrf_atfifo.c.o
                0x0000000000076824                nrf_atfifo_init
 .text.nrf_atfifo_clear
                0x000000000007684a       0x44 _build/nrf52832_xxaa_s132/nrf_atfifo.c.o
                0x000000000007684a                nrf_atfifo_clear
 .text.nrf_atfifo_item_alloc
                0x000000000007688e       0x54 _build/nrf52832_xxaa_s132/nrf_atfifo.c.o
                0x000000000007688e                nrf_atfifo_item_alloc
 .text.nrf_atfifo_item_put
                0x00000000000768e2       0x20 _build/nrf52832_xxaa_s132/nrf_atfifo.c.o
                0x00000000000768e2                nrf_atfifo_item_put
 .text.nrf_atfifo_item_get
                0x0000000000076902       0x56 _build/nrf52832_xxaa_s132/nrf_atfifo.c.o
                0x0000000000076902                nrf_atfifo_item_get
 .text.nrf_atfifo_item_free
                0x0000000000076958       0x20 _build/nrf52832_xxaa_s132/nrf_atfifo.c.o
                0x0000000000076958                nrf_atfifo_item_free
 .text.nrf_atomic_u32_fetch_or
                0x0000000000076978       0x18 _build/nrf52832_xxaa_s132/nrf_atomic.c.o
                0x0000000000076978                nrf_atomic_u32_fetch_or
 .text.nrf_atomic_u32_and
                0x0000000000076990       0x18 _build/nrf52832_xxaa_s132/nrf_atomic.c.o
                0x0000000000076990                nrf_atomic_u32_and
 .text.nrf_atomic_flag_set_fetch
                0x00000000000769a8        0x6 _build/nrf52832_xxaa_s132/nrf_atomic.c.o
                0x00000000000769a8                nrf_atomic_flag_set_fetch
 .text.nrf_atomic_flag_clear
                0x00000000000769ae        0x6 _build/nrf52832_xxaa_s132/nrf_atomic.c.o
                0x00000000000769ae                nrf_atomic_flag_clear
 .text.nrf_balloc_init
                0x00000000000769b4       0x2e _build/nrf52832_xxaa_s132/nrf_balloc.c.o
                0x00000000000769b4                nrf_balloc_init
 .text.nrf_balloc_alloc
                0x00000000000769e2       0x4c _build/nrf52832_xxaa_s132/nrf_balloc.c.o
                0x00000000000769e2                nrf_balloc_alloc
 .text.nrf_balloc_free
                0x0000000000076a2e       0x34 _build/nrf52832_xxaa_s132/nrf_balloc.c.o
                0x0000000000076a2e                nrf_balloc_free
 .text.nrf_fstorage_init
                0x0000000000076a62        0x8 _build/nrf52832_xxaa_s132/nrf_fstorage.c.o
                0x0000000000076a62                nrf_fstorage_init
 .text.nrf_fstorage_write
                0x0000000000076a6a        0xe _build/nrf52832_xxaa_s132/nrf_fstorage.c.o
                0x0000000000076a6a                nrf_fstorage_write
 .text.nrf_fstorage_erase
                0x0000000000076a78        0xe _build/nrf52832_xxaa_s132/nrf_fstorage.c.o
                0x0000000000076a78                nrf_fstorage_erase
 *fill*         0x0000000000076a86        0x2 
 .text.nrf_fstorage_is_busy
                0x0000000000076a88       0x48 _build/nrf52832_xxaa_s132/nrf_fstorage.c.o
                0x0000000000076a88                nrf_fstorage_is_busy
 .text.init     0x0000000000076ad0        0xc _build/nrf52832_xxaa_s132/nrf_fstorage_nvmc.c.o
 .text.rmap     0x0000000000076adc        0x4 _build/nrf52832_xxaa_s132/nrf_fstorage_nvmc.c.o
 .text.wmap     0x0000000000076ae0        0x4 _build/nrf52832_xxaa_s132/nrf_fstorage_nvmc.c.o
 .text.is_busy  0x0000000000076ae4       0x10 _build/nrf52832_xxaa_s132/nrf_fstorage_nvmc.c.o
 .text.uninit   0x0000000000076af4       0x10 _build/nrf52832_xxaa_s132/nrf_fstorage_nvmc.c.o
 .text.read     0x0000000000076b04        0xe _build/nrf52832_xxaa_s132/nrf_fstorage_nvmc.c.o
 *fill*         0x0000000000076b12        0x2 
 .text.erase    0x0000000000076b14       0x60 _build/nrf52832_xxaa_s132/nrf_fstorage_nvmc.c.o
 .text.write    0x0000000000076b74       0x54 _build/nrf52832_xxaa_s132/nrf_fstorage_nvmc.c.o
 .text.sd_flash_write
                0x0000000000076bc8        0x4 _build/nrf52832_xxaa_s132/nrf_fstorage_sd.c.o
 .text.sd_flash_page_erase
                0x0000000000076bcc        0x4 _build/nrf52832_xxaa_s132/nrf_fstorage_sd.c.o
 .text.event_send
                0x0000000000076bd0       0x52 _build/nrf52832_xxaa_s132/nrf_fstorage_sd.c.o
 .text.rmap     0x0000000000076c22        0x4 _build/nrf52832_xxaa_s132/nrf_fstorage_sd.c.o
 .text.wmap     0x0000000000076c26        0x4 _build/nrf52832_xxaa_s132/nrf_fstorage_sd.c.o
 *fill*         0x0000000000076c2a        0x2 
 .text.is_busy  0x0000000000076c2c       0x10 _build/nrf52832_xxaa_s132/nrf_fstorage_sd.c.o
 .text.nrf_fstorage_sdh_req_handler
                0x0000000000076c3c       0x14 _build/nrf52832_xxaa_s132/nrf_fstorage_sd.c.o
                0x0000000000076c3c                nrf_fstorage_sdh_req_handler
 .text.read     0x0000000000076c50        0xe _build/nrf52832_xxaa_s132/nrf_fstorage_sd.c.o
 *fill*         0x0000000000076c5e        0x2 
 .text.uninit   0x0000000000076c60       0x20 _build/nrf52832_xxaa_s132/nrf_fstorage_sd.c.o
 .text.init     0x0000000000076c80       0x38 _build/nrf52832_xxaa_s132/nrf_fstorage_sd.c.o
 .text.queue_process
                0x0000000000076cb8       0xa0 _build/nrf52832_xxaa_s132/nrf_fstorage_sd.c.o
 .text.nrf_fstorage_sys_evt_handler
                0x0000000000076d58       0xa4 _build/nrf52832_xxaa_s132/nrf_fstorage_sd.c.o
                0x0000000000076d58                nrf_fstorage_sys_evt_handler
 .text.nrf_fstorage_sdh_state_handler
                0x0000000000076dfc       0x20 _build/nrf52832_xxaa_s132/nrf_fstorage_sd.c.o
                0x0000000000076dfc                nrf_fstorage_sdh_state_handler
 .text.queue_start
                0x0000000000076e1c       0x20 _build/nrf52832_xxaa_s132/nrf_fstorage_sd.c.o
 .text.erase    0x0000000000076e3c       0x4c _build/nrf52832_xxaa_s132/nrf_fstorage_sd.c.o
 .text.write    0x0000000000076e88       0x50 _build/nrf52832_xxaa_s132/nrf_fstorage_sd.c.o
 .text.nrf_section_iter_init
                0x0000000000076ed8       0x12 _build/nrf52832_xxaa_s132/nrf_section_iter.c.o
                0x0000000000076ed8                nrf_section_iter_init
 .text.nrf_section_iter_next
                0x0000000000076eea       0x18 _build/nrf52832_xxaa_s132/nrf_section_iter.c.o
                0x0000000000076eea                nrf_section_iter_next
 *fill*         0x0000000000076f02        0x2 
 .text.sha256_transform
                0x0000000000076f04      0x13c _build/nrf52832_xxaa_s132/sha256.c.o
                0x0000000000076f04                sha256_transform
 .text.sha256_init
                0x0000000000077040       0x60 _build/nrf52832_xxaa_s132/sha256.c.o
                0x0000000000077040                sha256_init
 .text.sha256_update
                0x00000000000770a0       0x46 _build/nrf52832_xxaa_s132/sha256.c.o
                0x00000000000770a0                sha256_update
 .text.sha256_final
                0x00000000000770e6       0xfc _build/nrf52832_xxaa_s132/sha256.c.o
                0x00000000000770e6                sha256_final
 .text.nrf_crypto_backend_micro_ecc_curve_get
                0x00000000000771e2        0x6 _build/nrf52832_xxaa_s132/micro_ecc_backend_ecc.c.o
                0x00000000000771e2                nrf_crypto_backend_micro_ecc_curve_get
 .text.nrf_crypto_backend_micro_ecc_public_key_from_raw
                0x00000000000771e8       0x10 _build/nrf52832_xxaa_s132/micro_ecc_backend_ecc.c.o
                0x00000000000771e8                nrf_crypto_backend_micro_ecc_public_key_from_raw
 .text.nrf_crypto_backend_micro_ecc_verify
                0x00000000000771f8       0x58 _build/nrf52832_xxaa_s132/micro_ecc_backend_ecdsa.c.o
                0x00000000000771f8                nrf_crypto_backend_micro_ecc_verify
 .text.bsp_board_led_on
                0x0000000000077250       0x18 _build/nrf52832_xxaa_s132/boards.c.o
                0x0000000000077250                bsp_board_led_on
 .text.bsp_board_led_off
                0x0000000000077268       0x18 _build/nrf52832_xxaa_s132/boards.c.o
                0x0000000000077268                bsp_board_led_off
 .text.bsp_board_leds_off
                0x0000000000077280       0x1e _build/nrf52832_xxaa_s132/boards.c.o
                0x0000000000077280                bsp_board_leds_off
 .text.bsp_board_init
                0x000000000007729e       0x3e _build/nrf52832_xxaa_s132/boards.c.o
                0x000000000007729e                bsp_board_init
 .text.wait_for_flash_ready
                0x00000000000772dc       0x10 _build/nrf52832_xxaa_s132/nrf_nvmc.c.o
 .text.nrf_nvmc_page_erase
                0x00000000000772ec       0x30 _build/nrf52832_xxaa_s132/nrf_nvmc.c.o
                0x00000000000772ec                nrf_nvmc_page_erase
 .text.nrf_nvmc_write_word
                0x000000000007731c       0x2c _build/nrf52832_xxaa_s132/nrf_nvmc.c.o
                0x000000000007731c                nrf_nvmc_write_word
 .text.nrf_nvmc_write_words
                0x0000000000077348       0x40 _build/nrf52832_xxaa_s132/nrf_nvmc.c.o
                0x0000000000077348                nrf_nvmc_write_words
 .text.nrf_crypto_internal_ecc_key_output_prepare
                0x0000000000077388       0x1a _build/nrf52832_xxaa_s132/nrf_crypto_ecc.c.o
                0x0000000000077388                nrf_crypto_internal_ecc_key_output_prepare
 .text.nrf_crypto_internal_ecc_key_input_check
                0x00000000000773a2       0x18 _build/nrf52832_xxaa_s132/nrf_crypto_ecc.c.o
                0x00000000000773a2                nrf_crypto_internal_ecc_key_input_check
 .text.nrf_crypto_internal_ecc_raw_input_check
                0x00000000000773ba       0x16 _build/nrf52832_xxaa_s132/nrf_crypto_ecc.c.o
                0x00000000000773ba                nrf_crypto_internal_ecc_raw_input_check
 .text.nrf_crypto_ecc_public_key_from_raw
                0x00000000000773d0       0x38 _build/nrf52832_xxaa_s132/nrf_crypto_ecc.c.o
                0x00000000000773d0                nrf_crypto_ecc_public_key_from_raw
 .text.nrf_crypto_ecdsa_verify
                0x0000000000077408       0x4c _build/nrf52832_xxaa_s132/nrf_crypto_ecdsa.c.o
                0x0000000000077408                nrf_crypto_ecdsa_verify
 .text.nrf_crypto_hash_init
                0x0000000000077454       0x28 _build/nrf52832_xxaa_s132/nrf_crypto_hash.c.o
                0x0000000000077454                nrf_crypto_hash_init
 .text.nrf_crypto_hash_update
                0x000000000007747c       0x34 _build/nrf52832_xxaa_s132/nrf_crypto_hash.c.o
                0x000000000007747c                nrf_crypto_hash_update
 .text.nrf_crypto_hash_finalize
                0x00000000000774b0       0x3c _build/nrf52832_xxaa_s132/nrf_crypto_hash.c.o
                0x00000000000774b0                nrf_crypto_hash_finalize
 .text.nrf_crypto_hash_calculate
                0x00000000000774ec       0x32 _build/nrf52832_xxaa_s132/nrf_crypto_hash.c.o
                0x00000000000774ec                nrf_crypto_hash_calculate
 *fill*         0x000000000007751e        0x2 
 .text.nrf_crypto_init
                0x0000000000077520       0x38 _build/nrf52832_xxaa_s132/nrf_crypto_init.c.o
                0x0000000000077520                nrf_crypto_init
 .text.nrf_crypto_internal_swap_endian_in_place
                0x0000000000077558       0x18 _build/nrf52832_xxaa_s132/nrf_crypto_shared.c.o
                0x0000000000077558                nrf_crypto_internal_swap_endian_in_place
 .text.nrf_crypto_internal_swap_endian
                0x0000000000077570       0x16 _build/nrf52832_xxaa_s132/nrf_crypto_shared.c.o
                0x0000000000077570                nrf_crypto_internal_swap_endian
 .text.nrf_crypto_internal_double_swap_endian
                0x0000000000077586       0x18 _build/nrf52832_xxaa_s132/nrf_crypto_shared.c.o
                0x0000000000077586                nrf_crypto_internal_double_swap_endian
 .text.nrf_crypto_internal_double_swap_endian_in_place
                0x000000000007759e       0x16 _build/nrf52832_xxaa_s132/nrf_crypto_shared.c.o
                0x000000000007759e                nrf_crypto_internal_double_swap_endian_in_place
 .text.NVIC_SystemReset
                0x00000000000775b4       0x24 _build/nrf52832_xxaa_s132/main.c.o
 .text.dfu_observer
                0x00000000000775d8       0x40 _build/nrf52832_xxaa_s132/main.c.o
 .text.app_error_fault_handler
                0x0000000000077618        0x6 _build/nrf52832_xxaa_s132/main.c.o
                0x0000000000077618                app_error_fault_handler
 .text.app_error_handler_bare
                0x000000000007761e        0x6 _build/nrf52832_xxaa_s132/main.c.o
                0x000000000007761e                app_error_handler_bare
 .text.startup.main
                0x0000000000077624       0x38 _build/nrf52832_xxaa_s132/main.c.o
                0x0000000000077624                main
 .text.ble_srv_is_notification_enabled
                0x000000000007765c        0x8 _build/nrf52832_xxaa_s132/ble_srv_common.c.o
                0x000000000007765c                ble_srv_is_notification_enabled
 .text.sd_app_evt_wait
                0x0000000000077664        0x4 _build/nrf52832_xxaa_s132/nrf_bootloader.c.o
 .text.flash_write_callback
                0x0000000000077668        0xc _build/nrf52832_xxaa_s132/nrf_bootloader.c.o
 .text.do_reset
                0x0000000000077674       0x24 _build/nrf52832_xxaa_s132/nrf_bootloader.c.o
 .text.inactivity_timeout
                0x0000000000077698       0x14 _build/nrf52832_xxaa_s132/nrf_bootloader.c.o
 .text.dfu_observer
                0x00000000000776ac       0x54 _build/nrf52832_xxaa_s132/nrf_bootloader.c.o
 .text.nrf_dfu_init_user
                0x0000000000077700        0x4 _build/nrf52832_xxaa_s132/nrf_bootloader.c.o
                0x0000000000077700                nrf_dfu_init_user
 .text.nrf_bootloader_init
                0x0000000000077704      0x18c _build/nrf52832_xxaa_s132/nrf_bootloader.c.o
                0x0000000000077704                nrf_bootloader_init
 .text.nrf_bootloader_app_start
                0x0000000000077890       0x24 _build/nrf52832_xxaa_s132/nrf_bootloader_app_start.c.o
                0x0000000000077890                nrf_bootloader_app_start
 .text.nrf_bootloader_flash_protect
                0x00000000000778b4       0x5a _build/nrf52832_xxaa_s132/nrf_bootloader_app_start_final.c.o
                0x00000000000778b4                nrf_bootloader_flash_protect
 *fill*         0x000000000007790e        0x2 
 .text.nrf_bootloader_app_start_final
                0x0000000000077910       0x6c _build/nrf52832_xxaa_s132/nrf_bootloader_app_start_final.c.o
                0x0000000000077910                nrf_bootloader_app_start_final
 .text.timer_activate
                0x000000000007797c       0x68 _build/nrf52832_xxaa_s132/nrf_bootloader_dfu_timers.c.o
 .text.timer_init
                0x00000000000779e4       0x84 _build/nrf52832_xxaa_s132/nrf_bootloader_dfu_timers.c.o
 .text.RTC2_IRQHandler
                0x0000000000077a68       0xbc _build/nrf52832_xxaa_s132/nrf_bootloader_dfu_timers.c.o
                0x0000000000077a68                RTC2_IRQHandler
 .text.nrf_bootloader_dfu_inactivity_timer_restart
                0x0000000000077b24       0x38 _build/nrf52832_xxaa_s132/nrf_bootloader_dfu_timers.c.o
                0x0000000000077b24                nrf_bootloader_dfu_inactivity_timer_restart
 .text.nrf_bootloader_wdt_feed_timer_start
                0x0000000000077b5c       0x24 _build/nrf52832_xxaa_s132/nrf_bootloader_dfu_timers.c.o
                0x0000000000077b5c                nrf_bootloader_wdt_feed_timer_start
 .text.flash_write_callback
                0x0000000000077b80        0xc _build/nrf52832_xxaa_s132/nrf_bootloader_fw_activation.c.o
 .text.bl_activate
                0x0000000000077b8c       0x60 _build/nrf52832_xxaa_s132/nrf_bootloader_fw_activation.c.o
 .text.image_copy.part.0.constprop.0
                0x0000000000077bec       0x90 _build/nrf52832_xxaa_s132/nrf_bootloader_fw_activation.c.o
 .text.sd_activate
                0x0000000000077c7c       0x60 _build/nrf52832_xxaa_s132/nrf_bootloader_fw_activation.c.o
 .text.nrf_bootloader_fw_activate
                0x0000000000077cdc       0xac _build/nrf52832_xxaa_s132/nrf_bootloader_fw_activation.c.o
                0x0000000000077cdc                nrf_bootloader_fw_activate
 .text.nrf_bootloader_mbr_addrs_populate
                0x0000000000077d88       0x30 _build/nrf52832_xxaa_s132/nrf_bootloader_info.c.o
                0x0000000000077d88                nrf_bootloader_mbr_addrs_populate
 .text.wdt_feed
                0x0000000000077db8       0x34 _build/nrf52832_xxaa_s132/nrf_bootloader_wdt.c.o
 .text.wdt_feed_timer_handler
                0x0000000000077dec        0x4 _build/nrf52832_xxaa_s132/nrf_bootloader_wdt.c.o
 .text.WDT_IRQHandler
                0x0000000000077df0       0x18 _build/nrf52832_xxaa_s132/nrf_bootloader_wdt.c.o
                0x0000000000077df0                WDT_IRQHandler
 .text.nrf_bootloader_wdt_init
                0x0000000000077e08       0x4c _build/nrf52832_xxaa_s132/nrf_bootloader_wdt.c.o
                0x0000000000077e08                nrf_bootloader_wdt_init
 .text.nrf_bootloader_wdt_feed
                0x0000000000077e54       0x14 _build/nrf52832_xxaa_s132/nrf_bootloader_wdt.c.o
                0x0000000000077e54                nrf_bootloader_wdt_feed
 .text.pb_field_iter_begin
                0x0000000000077e68       0x22 _build/nrf52832_xxaa_s132/pb_common.c.o
                0x0000000000077e68                pb_field_iter_begin
 .text.pb_field_iter_next
                0x0000000000077e8a       0x84 _build/nrf52832_xxaa_s132/pb_common.c.o
                0x0000000000077e8a                pb_field_iter_next
 .text.pb_field_iter_find
                0x0000000000077f0e       0x2e _build/nrf52832_xxaa_s132/pb_common.c.o
                0x0000000000077f0e                pb_field_iter_find
 .text.buf_read
                0x0000000000077f3c       0x1c _build/nrf52832_xxaa_s132/pb_decode.c.o
 .text.pb_decode_varint32
                0x0000000000077f58       0x7a _build/nrf52832_xxaa_s132/pb_decode.c.o
 .text.pb_field_set_to_default
                0x0000000000077fd2       0xaa _build/nrf52832_xxaa_s132/pb_decode.c.o
 .text.pb_message_set_to_defaults
                0x000000000007807c       0x22 _build/nrf52832_xxaa_s132/pb_decode.c.o
 *fill*         0x000000000007809e        0x2 
 .text.pb_read  0x00000000000780a0       0x58 _build/nrf52832_xxaa_s132/pb_decode.c.o
                0x00000000000780a0                pb_read
 .text.pb_dec_string
                0x00000000000780f8       0x40 _build/nrf52832_xxaa_s132/pb_decode.c.o
 .text.pb_dec_bytes
                0x0000000000078138       0x40 _build/nrf52832_xxaa_s132/pb_decode.c.o
 .text.pb_istream_from_buffer
                0x0000000000078178       0x14 _build/nrf52832_xxaa_s132/pb_decode.c.o
                0x0000000000078178                pb_istream_from_buffer
 .text.pb_decode_varint
                0x000000000007818c       0x66 _build/nrf52832_xxaa_s132/pb_decode.c.o
                0x000000000007818c                pb_decode_varint
 .text.pb_dec_uvarint
                0x00000000000781f2       0x5c _build/nrf52832_xxaa_s132/pb_decode.c.o
 .text.pb_dec_varint
                0x000000000007824e       0x5a _build/nrf52832_xxaa_s132/pb_decode.c.o
 .text.pb_decode_tag
                0x00000000000782a8       0x3a _build/nrf52832_xxaa_s132/pb_decode.c.o
                0x00000000000782a8                pb_decode_tag
 .text.pb_skip_field
                0x00000000000782e2       0x4c _build/nrf52832_xxaa_s132/pb_decode.c.o
                0x00000000000782e2                pb_skip_field
 .text.pb_make_string_substream
                0x000000000007832e       0x30 _build/nrf52832_xxaa_s132/pb_decode.c.o
                0x000000000007832e                pb_make_string_substream
 *fill*         0x000000000007835e        0x2 
 .text.decode_field
                0x0000000000078360      0x1a8 _build/nrf52832_xxaa_s132/pb_decode.c.o
 .text.pb_decode_noinit
                0x0000000000078508      0x1ae _build/nrf52832_xxaa_s132/pb_decode.c.o
                0x0000000000078508                pb_decode_noinit
 .text.pb_decode
                0x00000000000786b6       0x20 _build/nrf52832_xxaa_s132/pb_decode.c.o
                0x00000000000786b6                pb_decode
 .text.pb_dec_submessage
                0x00000000000786d6       0x3a _build/nrf52832_xxaa_s132/pb_decode.c.o
 .text.pb_decode_svarint
                0x0000000000078710       0x32 _build/nrf52832_xxaa_s132/pb_decode.c.o
                0x0000000000078710                pb_decode_svarint
 .text.pb_dec_svarint
                0x0000000000078742       0x5a _build/nrf52832_xxaa_s132/pb_decode.c.o
 .text.pb_decode_fixed32
                0x000000000007879c       0x18 _build/nrf52832_xxaa_s132/pb_decode.c.o
                0x000000000007879c                pb_decode_fixed32
 .text.pb_dec_fixed32
                0x00000000000787b4        0x6 _build/nrf52832_xxaa_s132/pb_decode.c.o
 .text.pb_decode_fixed64
                0x00000000000787ba       0x1a _build/nrf52832_xxaa_s132/pb_decode.c.o
                0x00000000000787ba                pb_decode_fixed64
 .text.pb_dec_fixed64
                0x00000000000787d4        0x6 _build/nrf52832_xxaa_s132/pb_decode.c.o
 .text.nrf_sw_backend_hash_sha256_finalize
                0x00000000000787da       0x20 _build/nrf52832_xxaa_s132/nrf_sw_backend_hash.c.o
 .text.nrf_sw_backend_hash_sha256_update
                0x00000000000787fa        0x6 _build/nrf52832_xxaa_s132/nrf_sw_backend_hash.c.o
 .text.nrf_sw_backend_hash_sha256_init
                0x0000000000078800        0x6 _build/nrf52832_xxaa_s132/nrf_sw_backend_hash.c.o
 *fill*         0x0000000000078806        0x2 
 .text.dfu_observer
                0x0000000000078808       0x24 _build/nrf52832_xxaa_s132/nrf_dfu.c.o
 .text.nrf_dfu_init
                0x000000000007882c       0x28 _build/nrf52832_xxaa_s132/nrf_dfu.c.o
                0x000000000007882c                nrf_dfu_init
 .text.sd_ble_gap_addr_set
                0x0000000000078854        0x4 _build/nrf52832_xxaa_s132/nrf_dfu_ble.c.o
 .text.sd_ble_gap_addr_get
                0x0000000000078858        0x4 _build/nrf52832_xxaa_s132/nrf_dfu_ble.c.o
 .text.sd_ble_gap_adv_set_configure
                0x000000000007885c        0x4 _build/nrf52832_xxaa_s132/nrf_dfu_ble.c.o
 .text.sd_ble_gap_adv_start
                0x0000000000078860        0x4 _build/nrf52832_xxaa_s132/nrf_dfu_ble.c.o
 .text.sd_ble_gap_adv_stop
                0x0000000000078864        0x4 _build/nrf52832_xxaa_s132/nrf_dfu_ble.c.o
 .text.sd_ble_gap_conn_param_update
                0x0000000000078868        0x4 _build/nrf52832_xxaa_s132/nrf_dfu_ble.c.o
 .text.sd_ble_gap_disconnect
                0x000000000007886c        0x4 _build/nrf52832_xxaa_s132/nrf_dfu_ble.c.o
 .text.sd_ble_gap_ppcp_set
                0x0000000000078870        0x4 _build/nrf52832_xxaa_s132/nrf_dfu_ble.c.o
 .text.sd_ble_gap_device_name_set
                0x0000000000078874        0x4 _build/nrf52832_xxaa_s132/nrf_dfu_ble.c.o
 .text.sd_ble_gap_device_name_get
                0x0000000000078878        0x4 _build/nrf52832_xxaa_s132/nrf_dfu_ble.c.o
 .text.sd_ble_gap_sec_params_reply
                0x000000000007887c        0x4 _build/nrf52832_xxaa_s132/nrf_dfu_ble.c.o
 .text.sd_ble_gap_sec_info_reply
                0x0000000000078880        0x4 _build/nrf52832_xxaa_s132/nrf_dfu_ble.c.o
 .text.sd_ble_gap_phy_update
                0x0000000000078884        0x4 _build/nrf52832_xxaa_s132/nrf_dfu_ble.c.o
 .text.sd_ble_gap_data_length_update
                0x0000000000078888        0x4 _build/nrf52832_xxaa_s132/nrf_dfu_ble.c.o
 .text.sd_ble_gatts_service_add
                0x000000000007888c        0x4 _build/nrf52832_xxaa_s132/nrf_dfu_ble.c.o
 .text.sd_ble_gatts_characteristic_add
                0x0000000000078890        0x4 _build/nrf52832_xxaa_s132/nrf_dfu_ble.c.o
 .text.sd_ble_gatts_value_get
                0x0000000000078894        0x4 _build/nrf52832_xxaa_s132/nrf_dfu_ble.c.o
 .text.sd_ble_gatts_hvx
                0x0000000000078898        0x4 _build/nrf52832_xxaa_s132/nrf_dfu_ble.c.o
 .text.sd_ble_gatts_rw_authorize_reply
                0x000000000007889c        0x4 _build/nrf52832_xxaa_s132/nrf_dfu_ble.c.o
 .text.sd_ble_gatts_sys_attr_set
                0x00000000000788a0        0x4 _build/nrf52832_xxaa_s132/nrf_dfu_ble.c.o
 .text.sd_ble_gatts_exchange_mtu_reply
                0x00000000000788a4        0x4 _build/nrf52832_xxaa_s132/nrf_dfu_ble.c.o
 .text.sd_ble_uuid_vs_add
                0x00000000000788a8        0x4 _build/nrf52832_xxaa_s132/nrf_dfu_ble.c.o
 .text.sd_ble_user_mem_reply
                0x00000000000788ac        0x4 _build/nrf52832_xxaa_s132/nrf_dfu_ble.c.o
 .text.sd_softdevice_vector_table_base_set
                0x00000000000788b0        0x4 _build/nrf52832_xxaa_s132/nrf_dfu_ble.c.o
 .text.response_send
                0x00000000000788b4       0x40 _build/nrf52832_xxaa_s132/nrf_dfu_ble.c.o
 .text.on_flash_write
                0x00000000000788f4        0xc _build/nrf52832_xxaa_s132/nrf_dfu_ble.c.o
 .text.advertising_start
                0x0000000000078900       0x98 _build/nrf52832_xxaa_s132/nrf_dfu_ble.c.o
 .text.ble_evt_handler
                0x0000000000078998      0x340 _build/nrf52832_xxaa_s132/nrf_dfu_ble.c.o
 .text.ble_dfu_transport_close
                0x0000000000078cd8       0x6c _build/nrf52832_xxaa_s132/nrf_dfu_ble.c.o
                0x0000000000078cd8                ble_dfu_transport_close
 .text.ble_dfu_req_handler_callback
                0x0000000000078d44       0xfc _build/nrf52832_xxaa_s132/nrf_dfu_ble.c.o
 .text.ble_dfu_init
                0x0000000000078e40      0x120 _build/nrf52832_xxaa_s132/nrf_dfu_ble.c.o
                0x0000000000078e40                ble_dfu_init
 .text.ble_dfu_transport_init
                0x0000000000078f60       0xf0 _build/nrf52832_xxaa_s132/nrf_dfu_ble.c.o
                0x0000000000078f60                ble_dfu_transport_init
 .text.dfu_fstorage_evt_handler
                0x0000000000079050        0xa _build/nrf52832_xxaa_s132/nrf_dfu_flash.c.o
                0x0000000000079050                dfu_fstorage_evt_handler
 *fill*         0x000000000007905a        0x2 
 .text.nrf_dfu_flash_init
                0x000000000007905c       0x24 _build/nrf52832_xxaa_s132/nrf_dfu_flash.c.o
                0x000000000007905c                nrf_dfu_flash_init
 .text.nrf_dfu_flash_store
                0x0000000000079080       0x1c _build/nrf52832_xxaa_s132/nrf_dfu_flash.c.o
                0x0000000000079080                nrf_dfu_flash_store
 .text.nrf_dfu_flash_erase
                0x000000000007909c       0x10 _build/nrf52832_xxaa_s132/nrf_dfu_flash.c.o
                0x000000000007909c                nrf_dfu_flash_erase
 .text.ext_error_set
                0x00000000000790ac        0xc _build/nrf52832_xxaa_s132/nrf_dfu_handling_error.c.o
                0x00000000000790ac                ext_error_set
 .text.ext_error_get
                0x00000000000790b8       0x10 _build/nrf52832_xxaa_s132/nrf_dfu_handling_error.c.o
                0x00000000000790b8                ext_error_get
 .text.sd_mbr_command
                0x00000000000790c8        0x4 _build/nrf52832_xxaa_s132/nrf_dfu_mbr.c.o
 .text.nrf_dfu_mbr_copy_bl
                0x00000000000790cc       0x22 _build/nrf52832_xxaa_s132/nrf_dfu_mbr.c.o
                0x00000000000790cc                nrf_dfu_mbr_copy_bl
 .text.nrf_dfu_mbr_init_sd
                0x00000000000790ee       0x1a _build/nrf52832_xxaa_s132/nrf_dfu_mbr.c.o
                0x00000000000790ee                nrf_dfu_mbr_init_sd
 .text.nrf_dfu_mbr_irq_forward_address_set
                0x0000000000079108        0xe _build/nrf52832_xxaa_s132/nrf_dfu_mbr.c.o
                0x0000000000079108                nrf_dfu_mbr_irq_forward_address_set
 *fill*         0x0000000000079116        0x2 
 .text.on_dfu_complete
                0x0000000000079118        0xc _build/nrf52832_xxaa_s132/nrf_dfu_req_handler.c.o
 .text.ext_err_code_handle
                0x0000000000079124        0xe _build/nrf52832_xxaa_s132/nrf_dfu_req_handler.c.o
 *fill*         0x0000000000079132        0x2 
 .text.on_data_obj_execute_request_sched
                0x0000000000079134       0x80 _build/nrf52832_xxaa_s132/nrf_dfu_req_handler.c.o
 .text.nrf_dfu_req_handler_req
                0x00000000000791b4      0x268 _build/nrf52832_xxaa_s132/nrf_dfu_req_handler.c.o
 .text.nrf_dfu_req_handler_on_req
                0x000000000007941c       0x14 _build/nrf52832_xxaa_s132/nrf_dfu_req_handler.c.o
                0x000000000007941c                nrf_dfu_req_handler_on_req
 .text.nrf_dfu_req_handler_init
                0x0000000000079430       0x48 _build/nrf52832_xxaa_s132/nrf_dfu_req_handler.c.o
                0x0000000000079430                nrf_dfu_req_handler_init
 .text.settings_write
                0x0000000000079478       0x50 _build/nrf52832_xxaa_s132/nrf_dfu_settings.c.o
 .text.nrf_dfu_settings_reinit
                0x00000000000794c8      0x11c _build/nrf52832_xxaa_s132/nrf_dfu_settings.c.o
                0x00000000000794c8                nrf_dfu_settings_reinit
 .text.nrf_dfu_settings_write
                0x00000000000795e4       0x44 _build/nrf52832_xxaa_s132/nrf_dfu_settings.c.o
                0x00000000000795e4                nrf_dfu_settings_write
 .text.settings_backup
                0x0000000000079628       0x14 _build/nrf52832_xxaa_s132/nrf_dfu_settings.c.o
                0x0000000000079628                settings_backup
 .text.nrf_dfu_settings_backup
                0x000000000007963c        0xc _build/nrf52832_xxaa_s132/nrf_dfu_settings.c.o
                0x000000000007963c                nrf_dfu_settings_backup
 .text.nrf_dfu_settings_write_and_backup
                0x0000000000079648       0x20 _build/nrf52832_xxaa_s132/nrf_dfu_settings.c.o
                0x0000000000079648                nrf_dfu_settings_write_and_backup
 .text.nrf_dfu_settings_init
                0x0000000000079668       0x1a _build/nrf52832_xxaa_s132/nrf_dfu_settings.c.o
                0x0000000000079668                nrf_dfu_settings_init
 .text.sd_flash_write
                0x0000000000079682        0x4 _build/nrf52832_xxaa_s132/nrf_dfu_settings_svci.c.o
 *fill*         0x0000000000079686        0x2 
 .text.nrf_dfu_settings_adv_name_write
                0x0000000000079688       0x38 _build/nrf52832_xxaa_s132/nrf_dfu_settings_svci.c.o
                0x0000000000079688                nrf_dfu_settings_adv_name_write
 .text.nrf_dfu_settings_adv_name_copy
                0x00000000000796c0       0x18 _build/nrf52832_xxaa_s132/nrf_dfu_settings_svci.c.o
                0x00000000000796c0                nrf_dfu_settings_adv_name_copy
 .text.nrf_dfu_settings_adv_name_is_valid
                0x00000000000796d8       0x20 _build/nrf52832_xxaa_s132/nrf_dfu_settings_svci.c.o
                0x00000000000796d8                nrf_dfu_settings_adv_name_is_valid
 .text.nrf_dfu_settings_additional_erase
                0x00000000000796f8       0x30 _build/nrf52832_xxaa_s132/nrf_dfu_settings_svci.c.o
                0x00000000000796f8                nrf_dfu_settings_additional_erase
 .text.nrf_dfu_transports_init
                0x0000000000079728       0x30 _build/nrf52832_xxaa_s132/nrf_dfu_transport.c.o
                0x0000000000079728                nrf_dfu_transports_init
 .text.nrf_dfu_transports_close
                0x0000000000079758       0x30 _build/nrf52832_xxaa_s132/nrf_dfu_transport.c.o
                0x0000000000079758                nrf_dfu_transports_close
 .text.nrf_dfu_bank_invalidate
                0x0000000000079788       0x18 _build/nrf52832_xxaa_s132/nrf_dfu_utils.c.o
                0x0000000000079788                nrf_dfu_bank_invalidate
 .text.nrf_dfu_bank0_start_addr
                0x00000000000797a0       0x2c _build/nrf52832_xxaa_s132/nrf_dfu_utils.c.o
                0x00000000000797a0                nrf_dfu_bank0_start_addr
 .text.nrf_dfu_bank1_start_addr
                0x00000000000797cc       0x20 _build/nrf52832_xxaa_s132/nrf_dfu_utils.c.o
                0x00000000000797cc                nrf_dfu_bank1_start_addr
 .text.nrf_dfu_softdevice_start_address
                0x00000000000797ec        0x6 _build/nrf52832_xxaa_s132/nrf_dfu_utils.c.o
                0x00000000000797ec                nrf_dfu_softdevice_start_address
 *fill*         0x00000000000797f2        0x2 
 .text.nrf_dfu_cache_prepare
                0x00000000000797f4       0xa8 _build/nrf52832_xxaa_s132/nrf_dfu_utils.c.o
                0x00000000000797f4                nrf_dfu_cache_prepare
 .text.update_data_size_get
                0x000000000007989c       0x50 _build/nrf52832_xxaa_s132/nrf_dfu_validation.c.o
 .text.dfu_progress_reset
                0x00000000000798ec       0x28 _build/nrf52832_xxaa_s132/nrf_dfu_validation.c.o
 .text.pb_decoding_callback
                0x0000000000079914       0x4c _build/nrf52832_xxaa_s132/nrf_dfu_validation.c.o
 .text.is_major_softdevice_update
                0x0000000000079960       0x74 _build/nrf52832_xxaa_s132/nrf_dfu_validation.c.o
 .text.stored_init_cmd_decode
                0x00000000000799d4       0xec _build/nrf52832_xxaa_s132/nrf_dfu_validation.c.o
 .text.crypto_init.part.0
                0x0000000000079ac0       0x3c _build/nrf52832_xxaa_s132/nrf_dfu_validation.c.o
 .text.nrf_dfu_validation_signature_check
                0x0000000000079afc       0x98 _build/nrf52832_xxaa_s132/nrf_dfu_validation.c.o
 .text.nrf_dfu_validation_hash_ok
                0x0000000000079b94       0x6c _build/nrf52832_xxaa_s132/nrf_dfu_validation.c.o
 .text.nrf_dfu_validation_init
                0x0000000000079c00       0x1c _build/nrf52832_xxaa_s132/nrf_dfu_validation.c.o
                0x0000000000079c00                nrf_dfu_validation_init
 .text.nrf_dfu_validation_init_cmd_create
                0x0000000000079c1c       0x30 _build/nrf52832_xxaa_s132/nrf_dfu_validation.c.o
                0x0000000000079c1c                nrf_dfu_validation_init_cmd_create
 .text.nrf_dfu_validation_init_cmd_append
                0x0000000000079c4c       0x40 _build/nrf52832_xxaa_s132/nrf_dfu_validation.c.o
                0x0000000000079c4c                nrf_dfu_validation_init_cmd_append
 .text.nrf_dfu_validation_init_cmd_present
                0x0000000000079c8c        0xc _build/nrf52832_xxaa_s132/nrf_dfu_validation.c.o
                0x0000000000079c8c                nrf_dfu_validation_init_cmd_present
 .text.nrf_dfu_validation_prevalidate
                0x0000000000079c98       0x50 _build/nrf52832_xxaa_s132/nrf_dfu_validation.c.o
                0x0000000000079c98                nrf_dfu_validation_prevalidate
 .text.nrf_dfu_validation_init_cmd_execute
                0x0000000000079ce8       0x90 _build/nrf52832_xxaa_s132/nrf_dfu_validation.c.o
                0x0000000000079ce8                nrf_dfu_validation_init_cmd_execute
 .text.fw_hash_ok
                0x0000000000079d78        0x8 _build/nrf52832_xxaa_s132/nrf_dfu_validation.c.o
                0x0000000000079d78                fw_hash_ok
 .text.nrf_dfu_validation_boot_validate
                0x0000000000079d80       0x58 _build/nrf52832_xxaa_s132/nrf_dfu_validation.c.o
                0x0000000000079d80                nrf_dfu_validation_boot_validate
 .text.boot_validation_extract.constprop.0
                0x0000000000079dd8       0x94 _build/nrf52832_xxaa_s132/nrf_dfu_validation.c.o
 .text.postvalidate
                0x0000000000079e6c      0x1d4 _build/nrf52832_xxaa_s132/nrf_dfu_validation.c.o
                0x0000000000079e6c                postvalidate
 .text.nrf_dfu_validation_activation_prepare
                0x000000000007a040        0x6 _build/nrf52832_xxaa_s132/nrf_dfu_validation.c.o
                0x000000000007a040                nrf_dfu_validation_activation_prepare
 *fill*         0x000000000007a046        0x2 
 .text.nrf_dfu_ver_validation_check
                0x000000000007a048       0xc0 _build/nrf52832_xxaa_s132/nrf_dfu_ver_validation.c.o
                0x000000000007a048                nrf_dfu_ver_validation_check
 .text.nrf_dfu_set_adv_name_handler
                0x000000000007a108       0x20 _build/nrf52832_xxaa_s132/nrf_dfu_svci_handler.c.o
 .text.nrf_dfu_set_adv_name_on_sys_evt
                0x000000000007a128       0x26 _build/nrf52832_xxaa_s132/nrf_dfu_svci_handler.c.o
 .text.nrf_dfu_set_adv_name_on_call
                0x000000000007a14e       0x30 _build/nrf52832_xxaa_s132/nrf_dfu_svci_handler.c.o
 *fill*         0x000000000007a17e        0x2 
 .text.nrf_svc_handler_c
                0x000000000007a180       0x5c _build/nrf52832_xxaa_s132/nrf_svc_handler.c.o
                0x000000000007a180                nrf_svc_handler_c
 .text.SVC_Handler
                0x000000000007a1dc       0x14 _build/nrf52832_xxaa_s132/nrf_svc_handler.c.o
                0x000000000007a1dc                SVC_Handler
 .text.sd_softdevice_enable
                0x000000000007a1f0        0x4 _build/nrf52832_xxaa_s132/nrf_sdh.c.o
 .text.sd_softdevice_disable
                0x000000000007a1f4        0x4 _build/nrf52832_xxaa_s132/nrf_sdh.c.o
 .text.sdh_request_observer_notify
                0x000000000007a1f8       0x30 _build/nrf52832_xxaa_s132/nrf_sdh.c.o
 .text.sdh_state_observer_notify
                0x000000000007a228       0x28 _build/nrf52832_xxaa_s132/nrf_sdh.c.o
 .text.softdevice_evt_irq_disable
                0x000000000007a250       0x24 _build/nrf52832_xxaa_s132/nrf_sdh.c.o
 .text.softdevices_evt_irq_enable
                0x000000000007a274       0x38 _build/nrf52832_xxaa_s132/nrf_sdh.c.o
 .text.nrf_sdh_enable_request
                0x000000000007a2ac       0x7c _build/nrf52832_xxaa_s132/nrf_sdh.c.o
                0x000000000007a2ac                nrf_sdh_enable_request
 .text.nrf_sdh_disable_request
                0x000000000007a328       0x60 _build/nrf52832_xxaa_s132/nrf_sdh.c.o
                0x000000000007a328                nrf_sdh_disable_request
 .text.nrf_sdh_request_continue
                0x000000000007a388       0x20 _build/nrf52832_xxaa_s132/nrf_sdh.c.o
                0x000000000007a388                nrf_sdh_request_continue
 .text.nrf_sdh_is_enabled
                0x000000000007a3a8        0xc _build/nrf52832_xxaa_s132/nrf_sdh.c.o
                0x000000000007a3a8                nrf_sdh_is_enabled
 .text.nrf_sdh_evts_poll
                0x000000000007a3b4       0x28 _build/nrf52832_xxaa_s132/nrf_sdh.c.o
                0x000000000007a3b4                nrf_sdh_evts_poll
 .text.SWI2_EGU2_IRQHandler
                0x000000000007a3dc        0x4 _build/nrf52832_xxaa_s132/nrf_sdh.c.o
                0x000000000007a3dc                SWI2_EGU2_IRQHandler
 .text.sd_ble_enable
                0x000000000007a3e0        0x4 _build/nrf52832_xxaa_s132/nrf_sdh_ble.c.o
 .text.sd_ble_cfg_set
                0x000000000007a3e4        0x4 _build/nrf52832_xxaa_s132/nrf_sdh_ble.c.o
 .text.sd_ble_evt_get
                0x000000000007a3e8        0x4 _build/nrf52832_xxaa_s132/nrf_sdh_ble.c.o
 .text.nrf_sdh_ble_evts_poll.part.0
                0x000000000007a3ec       0x4c _build/nrf52832_xxaa_s132/nrf_sdh_ble.c.o
 .text.nrf_sdh_ble_evts_poll
                0x000000000007a438       0x10 _build/nrf52832_xxaa_s132/nrf_sdh_ble.c.o
 .text.nrf_sdh_ble_app_ram_start_get
                0x000000000007a448       0x14 _build/nrf52832_xxaa_s132/nrf_sdh_ble.c.o
                0x000000000007a448                nrf_sdh_ble_app_ram_start_get
 .text.nrf_sdh_ble_default_cfg_set
                0x000000000007a45c       0xd0 _build/nrf52832_xxaa_s132/nrf_sdh_ble.c.o
                0x000000000007a45c                nrf_sdh_ble_default_cfg_set
 .text.nrf_sdh_ble_enable
                0x000000000007a52c       0x14 _build/nrf52832_xxaa_s132/nrf_sdh_ble.c.o
                0x000000000007a52c                nrf_sdh_ble_enable
 .text.sd_evt_get
                0x000000000007a540        0x4 _build/nrf52832_xxaa_s132/nrf_sdh_soc.c.o
 .text.nrf_sdh_soc_evts_poll
                0x000000000007a544       0x3c _build/nrf52832_xxaa_s132/nrf_sdh_soc.c.o
 .text.bcopy    0x000000000007a580       0x14 ../../../../../external/micro-ecc/nrf52hf_armgcc/armgcc/micro_ecc_lib_nrf52.a(uECC.c.o)
 *fill*         0x000000000007a594        0xc 
 .text.uECC_vli_add
                0x000000000007a5a0       0x58 ../../../../../external/micro-ecc/nrf52hf_armgcc/armgcc/micro_ecc_lib_nrf52.a(uECC.c.o)
 *fill*         0x000000000007a5f8        0x8 
 .text.uECC_vli_sub
                0x000000000007a600       0x60 ../../../../../external/micro-ecc/nrf52hf_armgcc/armgcc/micro_ecc_lib_nrf52.a(uECC.c.o)
 .text.uECC_vli_mult
                0x000000000007a660      0x312 ../../../../../external/micro-ecc/nrf52hf_armgcc/armgcc/micro_ecc_lib_nrf52.a(uECC.c.o)
 .text.uECC_vli_clear
                0x000000000007a972       0x16 ../../../../../external/micro-ecc/nrf52hf_armgcc/armgcc/micro_ecc_lib_nrf52.a(uECC.c.o)
 .text.uECC_vli_isZero
                0x000000000007a988       0x1e ../../../../../external/micro-ecc/nrf52hf_armgcc/armgcc/micro_ecc_lib_nrf52.a(uECC.c.o)
 .text.uECC_vli_testBit
                0x000000000007a9a6       0x14 ../../../../../external/micro-ecc/nrf52hf_armgcc/armgcc/micro_ecc_lib_nrf52.a(uECC.c.o)
 .text.uECC_vli_numBits
                0x000000000007a9ba       0x40 ../../../../../external/micro-ecc/nrf52hf_armgcc/armgcc/micro_ecc_lib_nrf52.a(uECC.c.o)
 .text.uECC_vli_set
                0x000000000007a9fa       0x18 ../../../../../external/micro-ecc/nrf52hf_armgcc/armgcc/micro_ecc_lib_nrf52.a(uECC.c.o)
 .text.uECC_vli_cmp_unsafe
                0x000000000007aa12       0x2a ../../../../../external/micro-ecc/nrf52hf_armgcc/armgcc/micro_ecc_lib_nrf52.a(uECC.c.o)
 .text.uECC_vli_rshift1
                0x000000000007aa3c       0x1a ../../../../../external/micro-ecc/nrf52hf_armgcc/armgcc/micro_ecc_lib_nrf52.a(uECC.c.o)
 .text.uECC_vli_modAdd
                0x000000000007aa56       0x38 ../../../../../external/micro-ecc/nrf52hf_armgcc/armgcc/micro_ecc_lib_nrf52.a(uECC.c.o)
 .text.uECC_vli_modSub
                0x000000000007aa8e       0x28 ../../../../../external/micro-ecc/nrf52hf_armgcc/armgcc/micro_ecc_lib_nrf52.a(uECC.c.o)
 .text.uECC_vli_modMult
                0x000000000007aab6      0x13c ../../../../../external/micro-ecc/nrf52hf_armgcc/armgcc/micro_ecc_lib_nrf52.a(uECC.c.o)
 .text.uECC_vli_modMult_fast
                0x000000000007abf2       0x20 ../../../../../external/micro-ecc/nrf52hf_armgcc/armgcc/micro_ecc_lib_nrf52.a(uECC.c.o)
 .text.uECC_vli_modSquare_fast
                0x000000000007ac12        0x8 ../../../../../external/micro-ecc/nrf52hf_armgcc/armgcc/micro_ecc_lib_nrf52.a(uECC.c.o)
 .text.double_jacobian_default
                0x000000000007ac1a      0x152 ../../../../../external/micro-ecc/nrf52hf_armgcc/armgcc/micro_ecc_lib_nrf52.a(uECC.c.o)
 .text.x_side_default
                0x000000000007ad6c       0x5e ../../../../../external/micro-ecc/nrf52hf_armgcc/armgcc/micro_ecc_lib_nrf52.a(uECC.c.o)
 *fill*         0x000000000007adca        0x2 
 .text.vli_mmod_fast_secp256r1
                0x000000000007adcc      0x1b0 ../../../../../external/micro-ecc/nrf52hf_armgcc/armgcc/micro_ecc_lib_nrf52.a(uECC.c.o)
 .text.apply_z  0x000000000007af7c       0x3e ../../../../../external/micro-ecc/nrf52hf_armgcc/armgcc/micro_ecc_lib_nrf52.a(uECC.c.o)
 .text.XYcZ_add
                0x000000000007afba       0xce ../../../../../external/micro-ecc/nrf52hf_armgcc/armgcc/micro_ecc_lib_nrf52.a(uECC.c.o)
 .text.bits2int
                0x000000000007b088       0x8e ../../../../../external/micro-ecc/nrf52hf_armgcc/armgcc/micro_ecc_lib_nrf52.a(uECC.c.o)
 .text.vli_modInv_update
                0x000000000007b116       0x38 ../../../../../external/micro-ecc/nrf52hf_armgcc/armgcc/micro_ecc_lib_nrf52.a(uECC.c.o)
 .text.uECC_vli_modInv
                0x000000000007b14e      0x106 ../../../../../external/micro-ecc/nrf52hf_armgcc/armgcc/micro_ecc_lib_nrf52.a(uECC.c.o)
 .text.uECC_secp256r1
                0x000000000007b254        0x8 ../../../../../external/micro-ecc/nrf52hf_armgcc/armgcc/micro_ecc_lib_nrf52.a(uECC.c.o)
                0x000000000007b254                uECC_secp256r1
 .text.uECC_verify
                0x000000000007b25c      0x2fc ../../../../../external/micro-ecc/nrf52hf_armgcc/armgcc/micro_ecc_lib_nrf52.a(uECC.c.o)
                0x000000000007b25c                uECC_verify
 .text          0x000000000007b558        0xc /usr/lib/gcc/arm-none-eabi/9.2.1/../../../arm-none-eabi/lib/thumb/v7e-m+fp/hard/libc_nano.a(lib_a-atexit.o)
                0x000000000007b558                atexit
 .text          0x000000000007b564       0x28 /usr/lib/gcc/arm-none-eabi/9.2.1/../../../arm-none-eabi/lib/thumb/v7e-m+fp/hard/libc_nano.a(lib_a-exit.o)
                0x000000000007b564                exit
 .text          0x000000000007b58c       0x34 /usr/lib/gcc/arm-none-eabi/9.2.1/../../../arm-none-eabi/lib/thumb/v7e-m+fp/hard/libc_nano.a(lib_a-fini.o)
                0x000000000007b58c                __libc_fini_array
 .text          0x000000000007b5c0       0x48 /usr/lib/gcc/arm-none-eabi/9.2.1/../../../arm-none-eabi/lib/thumb/v7e-m+fp/hard/libc_nano.a(lib_a-init.o)
                0x000000000007b5c0                __libc_init_array
 .text          0x000000000007b608       0x60 /usr/lib/gcc/arm-none-eabi/9.2.1/../../../arm-none-eabi/lib/thumb/v7e-m+fp/hard/libc_nano.a(lib_a-memcmp.o)
                0x000000000007b608                memcmp
 .text          0x000000000007b668      0x134 /usr/lib/gcc/arm-none-eabi/9.2.1/../../../arm-none-eabi/lib/thumb/v7e-m+fp/hard/libc_nano.a(lib_a-memcpy.o)
                0x000000000007b668                memcpy
 .text          0x000000000007b79c       0xa0 /usr/lib/gcc/arm-none-eabi/9.2.1/../../../arm-none-eabi/lib/thumb/v7e-m+fp/hard/libc_nano.a(lib_a-memset.o)
                0x000000000007b79c                memset
 *fill*         0x000000000007b83c        0x4 
 .text          0x000000000007b840       0xdc /usr/lib/gcc/arm-none-eabi/9.2.1/../../../arm-none-eabi/lib/thumb/v7e-m+fp/hard/libc_nano.a(lib_a-strlen.o)
                0x000000000007b840                strlen
 .text          0x000000000007b91c       0xa0 /usr/lib/gcc/arm-none-eabi/9.2.1/../../../arm-none-eabi/lib/thumb/v7e-m+fp/hard/libc_nano.a(lib_a-__atexit.o)
                0x000000000007b91c                __register_exitproc
 .text          0x000000000007b9bc       0x9c /usr/lib/gcc/arm-none-eabi/9.2.1/../../../arm-none-eabi/lib/thumb/v7e-m+fp/hard/libc_nano.a(lib_a-__call_atexit.o)
                0x000000000007b9bc                __call_exitprocs
 .text          0x000000000007ba58        0x4 /usr/lib/gcc/arm-none-eabi/9.2.1/../../../arm-none-eabi/lib/thumb/v7e-m+fp/hard/libnosys.a(_exit.o)
                0x000000000007ba58                _exit
 *(.init)
 .init          0x000000000007ba5c        0x4 /usr/lib/gcc/arm-none-eabi/9.2.1/thumb/v7e-m+fp/hard/crti.o
                0x000000000007ba5c                _init
 .init          0x000000000007ba60        0x8 /usr/lib/gcc/arm-none-eabi/9.2.1/thumb/v7e-m+fp/hard/crtn.o
 *(.fini)
 .fini          0x000000000007ba68        0x4 /usr/lib/gcc/arm-none-eabi/9.2.1/thumb/v7e-m+fp/hard/crti.o
                0x000000000007ba68                _fini
 .fini          0x000000000007ba6c        0x8 /usr/lib/gcc/arm-none-eabi/9.2.1/thumb/v7e-m+fp/hard/crtn.o
 *crtbegin.o(.ctors)
 *crtbegin?.o(.ctors)
 *(EXCLUDE_FILE(*crtend.o *crtend?.o) .ctors)
 *(SORT_BY_NAME(.ctors.*))
 *(.ctors)
 *crtbegin.o(.dtors)
 *crtbegin?.o(.dtors)
 *(EXCLUDE_FILE(*crtend.o *crtend?.o) .dtors)
 *(SORT_BY_NAME(.dtors.*))
 *(.dtors)
 *(.rodata*)
 .rodata.m_flash_info
                0x000000000007ba74        0xc _build/nrf52832_xxaa_s132/nrf_fstorage_nvmc.c.o
 .rodata.nrf_fstorage_nvmc
                0x000000000007ba80       0x20 _build/nrf52832_xxaa_s132/nrf_fstorage_nvmc.c.o
                0x000000000007ba80                nrf_fstorage_nvmc
 .rodata.m_flash_info
                0x000000000007baa0        0xc _build/nrf52832_xxaa_s132/nrf_fstorage_sd.c.o
 .rodata.nrf_fstorage_sd
                0x000000000007baac       0x20 _build/nrf52832_xxaa_s132/nrf_fstorage_sd.c.o
                0x000000000007baac                nrf_fstorage_sd
 .rodata.k      0x000000000007bacc      0x100 _build/nrf52832_xxaa_s132/sha256.c.o
 .rodata.g_nrf_crypto_ecc_secp256r1_curve_info
                0x000000000007bbcc        0xc _build/nrf52832_xxaa_s132/micro_ecc_backend_ecc.c.o
                0x000000000007bbcc                g_nrf_crypto_ecc_secp256r1_curve_info
 .rodata.m_board_led_list
                0x000000000007bbd8        0x4 _build/nrf52832_xxaa_s132/boards.c.o
 .rodata.pk     0x000000000007bbdc       0x40 _build/nrf52832_xxaa_s132/dfu_public_key.c.o
                0x000000000007bbdc                pk
 *fill*         0x000000000007bc1c        0x4 
 .rodata.delay_machine_code.8458
                0x000000000007bc20        0x6 _build/nrf52832_xxaa_s132/nrf_bootloader_dfu_timers.c.o
 *fill*         0x000000000007bc26        0x2 
 .rodata.PB_DECODERS
                0x000000000007bc28       0x24 _build/nrf52832_xxaa_s132/pb_decode.c.o
 .rodata.g_nrf_crypto_hash_sha256_info
                0x000000000007bc4c       0x18 _build/nrf52832_xxaa_s132/nrf_sw_backend_hash.c.o
                0x000000000007bc4c                g_nrf_crypto_hash_sha256_info
 .rodata.dfu_boot_validation_fields
                0x000000000007bc64       0x30 _build/nrf52832_xxaa_s132/dfu-cc.pb.c.o
                0x000000000007bc64                dfu_boot_validation_fields
 .rodata.dfu_command_fields
                0x000000000007bc94       0x30 _build/nrf52832_xxaa_s132/dfu-cc.pb.c.o
                0x000000000007bc94                dfu_command_fields
 .rodata.dfu_hash_fields
                0x000000000007bcc4       0x30 _build/nrf52832_xxaa_s132/dfu-cc.pb.c.o
                0x000000000007bcc4                dfu_hash_fields
 .rodata.dfu_init_command_fields
                0x000000000007bcf4       0xb0 _build/nrf52832_xxaa_s132/dfu-cc.pb.c.o
                0x000000000007bcf4                dfu_init_command_fields
 .rodata.dfu_init_command_is_debug_default
                0x000000000007bda4        0x1 _build/nrf52832_xxaa_s132/dfu-cc.pb.c.o
                0x000000000007bda4                dfu_init_command_is_debug_default
 *fill*         0x000000000007bda5        0x3 
 .rodata.dfu_packet_fields
                0x000000000007bda8       0x30 _build/nrf52832_xxaa_s132/dfu-cc.pb.c.o
                0x000000000007bda8                dfu_packet_fields
 .rodata.dfu_signed_command_fields
                0x000000000007bdd8       0x40 _build/nrf52832_xxaa_s132/dfu-cc.pb.c.o
                0x000000000007bdd8                dfu_signed_command_fields
 .rodata.ble_dfu_transport_init.str1.1
                0x000000000007be18        0x8 _build/nrf52832_xxaa_s132/nrf_dfu_ble.c.o
 .rodata        0x000000000007be20       0x10 _build/nrf52832_xxaa_s132/nrf_dfu_ble.c.o
 .rodata.delay_machine_code.10456
                0x000000000007be30        0x6 _build/nrf52832_xxaa_s132/nrf_dfu_ble.c.o
 .rodata.m_gap_conn_params
                0x000000000007be36        0x8 _build/nrf52832_xxaa_s132/nrf_dfu_ble.c.o
 .rodata        0x000000000007be3e        0x4 _build/nrf52832_xxaa_s132/nrf_sdh.c.o
 *fill*         0x000000000007be42        0x2 
 .rodata.sdh_req_observers
                0x000000000007be44        0xc _build/nrf52832_xxaa_s132/nrf_sdh.c.o
 .rodata.sdh_stack_observers
                0x000000000007be50        0xc _build/nrf52832_xxaa_s132/nrf_sdh.c.o
 .rodata.sdh_state_observers
                0x000000000007be5c        0xc _build/nrf52832_xxaa_s132/nrf_sdh.c.o
 .rodata.sdh_ble_observers
                0x000000000007be68        0xc _build/nrf52832_xxaa_s132/nrf_sdh_ble.c.o
 .rodata.sdh_soc_observers
                0x000000000007be74        0xc _build/nrf52832_xxaa_s132/nrf_sdh_soc.c.o
 .rodata.curve_secp256r1
                0x000000000007be80       0xb0 ../../../../../external/micro-ecc/nrf52hf_armgcc/armgcc/micro_ecc_lib_nrf52.a(uECC.c.o)
 .rodata        0x000000000007bf30        0x4 /usr/lib/gcc/arm-none-eabi/9.2.1/../../../arm-none-eabi/lib/thumb/v7e-m+fp/hard/libc_nano.a(lib_a-impure.o)
                0x000000000007bf30                _global_impure_ptr
 *(.eh_frame*)
 .eh_frame      0x000000000007bf34        0x0 /usr/lib/gcc/arm-none-eabi/9.2.1/thumb/v7e-m+fp/hard/crtbegin.o
 .eh_frame      0x000000000007bf34        0x4 /usr/lib/gcc/arm-none-eabi/9.2.1/thumb/v7e-m+fp/hard/crtend.o

.glue_7         0x000000000007bf38        0x0
 .glue_7        0x000000000007bf38        0x0 linker stubs

.glue_7t        0x000000000007bf38        0x0
 .glue_7t       0x000000000007bf38        0x0 linker stubs

.vfp11_veneer   0x000000000007bf38        0x0
 .vfp11_veneer  0x000000000007bf38        0x0 linker stubs

.v4_bx          0x000000000007bf38        0x0
 .v4_bx         0x000000000007bf38        0x0 linker stubs

.iplt           0x000000000007bf38        0x0
 .iplt          0x000000000007bf38        0x0 /usr/lib/gcc/arm-none-eabi/9.2.1/thumb/v7e-m+fp/hard/crtbegin.o

.mem_section_dummy_rom

.crypto_data    0x000000000007bf38        0x0
                0x000000000007bf38                PROVIDE (__start_crypto_data = .)
 *(SORT_BY_NAME(.crypto_data*))
                0x000000000007bf38                PROVIDE (__stop_crypto_data = .)

.nrf_queue      0x000000000007bf38        0x0
                [!provide]                        PROVIDE (__start_nrf_queue = .)
 *(.nrf_queue)
                [!provide]                        PROVIDE (__stop_nrf_queue = .)

.dfu_trans      0x000000000007bf38        0x8
                0x000000000007bf38                PROVIDE (__start_dfu_trans = .)
 *(SORT_BY_NAME(.dfu_trans*))
 .dfu_trans     0x000000000007bf38        0x8 _build/nrf52832_xxaa_s132/nrf_dfu_ble.c.o
                0x000000000007bf38                ble_dfu_transport
                0x000000000007bf40                PROVIDE (__stop_dfu_trans = .)

.svc_data       0x000000000007bf40        0xc
                0x000000000007bf40                PROVIDE (__start_svc_data = .)
 *(.svc_data)
 .svc_data      0x000000000007bf40        0xc _build/nrf52832_xxaa_s132/nrf_dfu_svci_handler.c.o
                0x000000000007bf40                nrf_dfu_set_adv_name_var
                0x000000000007bf4c                PROVIDE (__stop_svc_data = .)

.log_const_data
                0x000000000007bf4c        0x0
                [!provide]                        PROVIDE (__start_log_const_data = .)
 *(SORT_BY_NAME(.log_const_data*))
                [!provide]                        PROVIDE (__stop_log_const_data = .)

.nrf_balloc     0x000000000007bf4c       0x14
                [!provide]                        PROVIDE (__start_nrf_balloc = .)
 *(.nrf_balloc)
 .nrf_balloc    0x000000000007bf4c       0x14 _build/nrf52832_xxaa_s132/nrf_dfu_ble.c.o
                0x000000000007bf4c                m_buffer_pool
                [!provide]                        PROVIDE (__stop_nrf_balloc = .)

.sdh_ble_observers
                0x000000000007bf60        0x8
                0x000000000007bf60                PROVIDE (__start_sdh_ble_observers = .)
 *(SORT_BY_NAME(.sdh_ble_observers*))
 .sdh_ble_observers2
                0x000000000007bf60        0x8 _build/nrf52832_xxaa_s132/nrf_dfu_ble.c.o
                0x000000000007bf68                PROVIDE (__stop_sdh_ble_observers = .)

.log_backends   0x000000000007bf68        0x0
                [!provide]                        PROVIDE (__start_log_backends = .)
 *(SORT_BY_NAME(.log_backends*))
                [!provide]                        PROVIDE (__stop_log_backends = .)

.sdh_state_observers
                0x000000000007bf68        0x8
                0x000000000007bf68                PROVIDE (__start_sdh_state_observers = .)
 *(SORT_BY_NAME(.sdh_state_observers*))
 .sdh_state_observers0
                0x000000000007bf68        0x8 _build/nrf52832_xxaa_s132/nrf_fstorage_sd.c.o
                0x000000000007bf70                PROVIDE (__stop_sdh_state_observers = .)

.sdh_stack_observers
                0x000000000007bf70       0x10
                0x000000000007bf70                PROVIDE (__start_sdh_stack_observers = .)
 *(SORT_BY_NAME(.sdh_stack_observers*))
 .sdh_stack_observers0
                0x000000000007bf70        0x8 _build/nrf52832_xxaa_s132/nrf_sdh_ble.c.o
 .sdh_stack_observers0
                0x000000000007bf78        0x8 _build/nrf52832_xxaa_s132/nrf_sdh_soc.c.o
                0x000000000007bf80                PROVIDE (__stop_sdh_stack_observers = .)

.sdh_req_observers
                0x000000000007bf80        0x8
                0x000000000007bf80                PROVIDE (__start_sdh_req_observers = .)
 *(SORT_BY_NAME(.sdh_req_observers*))
 .sdh_req_observers0
                0x000000000007bf80        0x8 _build/nrf52832_xxaa_s132/nrf_fstorage_sd.c.o
                0x000000000007bf80                m_req_obs
                0x000000000007bf88                PROVIDE (__stop_sdh_req_observers = .)

.sdh_soc_observers
                0x000000000007bf88        0x8
                0x000000000007bf88                PROVIDE (__start_sdh_soc_observers = .)
 *(SORT_BY_NAME(.sdh_soc_observers*))
 .sdh_soc_observers0
                0x000000000007bf88        0x8 _build/nrf52832_xxaa_s132/nrf_fstorage_sd.c.o
                0x000000000007bf90                PROVIDE (__stop_sdh_soc_observers = .)

.ARM.extab
 *(.ARM.extab* .gnu.linkonce.armextab.*)
                0x000000000007bf90                __exidx_start = .

.ARM.exidx      0x000000000007bf90        0x8
 *(.ARM.exidx* .gnu.linkonce.armexidx.*)
 .ARM.exidx     0x000000000007bf90        0x8 /usr/lib/gcc/arm-none-eabi/9.2.1/../../../arm-none-eabi/lib/thumb/v7e-m+fp/hard/crt0.o
                                         0x10 (size before relaxing)
                0x000000000007bf98                __exidx_end = .
                0x000000000007bf98                __etext = .

.data           0x0000000020005968       0xa4 load address 0x000000000007bf98
                0x0000000020005968                __data_start__ = .
 *(vtable)
 *(.data*)
 .data.SystemCoreClock
                0x0000000020005968        0x4 _build/nrf52832_xxaa_s132/system_nrf52.c.o
                0x0000000020005968                SystemCoreClock
 .data.m_timers
                0x000000002000596c       0x20 _build/nrf52832_xxaa_s132/nrf_bootloader_dfu_timers.c.o
                0x000000002000596c                m_timers
 .data.mp_inactivity
                0x000000002000598c        0x4 _build/nrf52832_xxaa_s132/nrf_bootloader_dfu_timers.c.o
                0x000000002000598c                mp_inactivity
 .data.mp_wdt_feed
                0x0000000020005990        0x4 _build/nrf52832_xxaa_s132/nrf_bootloader_dfu_timers.c.o
                0x0000000020005990                mp_wdt_feed
 .data.m_adv_handle
                0x0000000020005994        0x1 _build/nrf52832_xxaa_s132/nrf_dfu_ble.c.o
 *fill*         0x0000000020005995        0x1 
 .data.m_conn_handle
                0x0000000020005996        0x2 _build/nrf52832_xxaa_s132/nrf_dfu_ble.c.o
 .data.current_object.11318
                0x0000000020005998        0x1 _build/nrf52832_xxaa_s132/nrf_dfu_req_handler.c.o
 *fill*         0x0000000020005999        0x3 
 .data.mp_dfu_settings_backup_buffer
                0x000000002000599c        0x4 _build/nrf52832_xxaa_s132/nrf_dfu_settings.c.o
                0x000000002000599c                mp_dfu_settings_backup_buffer
 .data          0x00000000200059a0       0x64 /usr/lib/gcc/arm-none-eabi/9.2.1/../../../arm-none-eabi/lib/thumb/v7e-m+fp/hard/libc_nano.a(lib_a-impure.o)
                0x00000000200059a0                _impure_ptr
                0x0000000020005a04                . = ALIGN (0x4)
                0x0000000020005a04                PROVIDE (__preinit_array_start = .)
 *(.preinit_array)
                0x0000000020005a04                PROVIDE (__preinit_array_end = .)
                0x0000000020005a04                . = ALIGN (0x4)
                0x0000000020005a04                PROVIDE (__init_array_start = .)
 *(SORT_BY_NAME(.init_array.*))
 *(.init_array)
 .init_array    0x0000000020005a04        0x4 /usr/lib/gcc/arm-none-eabi/9.2.1/thumb/v7e-m+fp/hard/crtbegin.o
                0x0000000020005a08                PROVIDE (__init_array_end = .)
                0x0000000020005a08                . = ALIGN (0x4)
                0x0000000020005a08                PROVIDE (__fini_array_start = .)
 *(SORT_BY_NAME(.fini_array.*))
 *(.fini_array)
 .fini_array    0x0000000020005a08        0x4 /usr/lib/gcc/arm-none-eabi/9.2.1/thumb/v7e-m+fp/hard/crtbegin.o
                0x0000000020005a0c                PROVIDE (__fini_array_end = .)
 *(.jcr*)
                0x0000000020005a0c                . = ALIGN (0x4)
                0x0000000020005a0c                __data_end__ = .
LOAD /usr/lib/gcc/arm-none-eabi/9.2.1/thumb/v7e-m+fp/hard/crti.o
LOAD /usr/lib/gcc/arm-none-eabi/9.2.1/thumb/v7e-m+fp/hard/crtbegin.o
LOAD /usr/lib/gcc/arm-none-eabi/9.2.1/../../../arm-none-eabi/lib/thumb/v7e-m+fp/hard/crt0.o
LOAD _build/nrf52832_xxaa_s132/gcc_startup_nrf52.S.o
LOAD _build/nrf52832_xxaa_s132/system_nrf52.c.o
LOAD _build/nrf52832_xxaa_s132/nrf_log_frontend.c.o
LOAD _build/nrf52832_xxaa_s132/nrf_log_str_formatter.c.o
LOAD _build/nrf52832_xxaa_s132/app_error_weak.c.o
LOAD _build/nrf52832_xxaa_s132/app_scheduler.c.o
LOAD _build/nrf52832_xxaa_s132/app_util_platform.c.o
LOAD _build/nrf52832_xxaa_s132/crc32.c.o
LOAD _build/nrf52832_xxaa_s132/mem_manager.c.o
LOAD _build/nrf52832_xxaa_s132/nrf_assert.c.o
LOAD _build/nrf52832_xxaa_s132/nrf_atfifo.c.o
LOAD _build/nrf52832_xxaa_s132/nrf_atomic.c.o
LOAD _build/nrf52832_xxaa_s132/nrf_balloc.c.o
LOAD _build/nrf52832_xxaa_s132/nrf_fprintf.c.o
LOAD _build/nrf52832_xxaa_s132/nrf_fprintf_format.c.o
LOAD _build/nrf52832_xxaa_s132/nrf_fstorage.c.o
LOAD _build/nrf52832_xxaa_s132/nrf_fstorage_nvmc.c.o
LOAD _build/nrf52832_xxaa_s132/nrf_fstorage_sd.c.o
LOAD _build/nrf52832_xxaa_s132/nrf_memobj.c.o
LOAD _build/nrf52832_xxaa_s132/nrf_queue.c.o
LOAD _build/nrf52832_xxaa_s132/nrf_ringbuf.c.o
LOAD _build/nrf52832_xxaa_s132/nrf_section_iter.c.o
LOAD _build/nrf52832_xxaa_s132/nrf_strerror.c.o
LOAD _build/nrf52832_xxaa_s132/sha256.c.o
LOAD _build/nrf52832_xxaa_s132/micro_ecc_backend_ecc.c.o
LOAD _build/nrf52832_xxaa_s132/micro_ecc_backend_ecdh.c.o
LOAD _build/nrf52832_xxaa_s132/micro_ecc_backend_ecdsa.c.o
LOAD _build/nrf52832_xxaa_s132/boards.c.o
LOAD _build/nrf52832_xxaa_s132/nrf_nvmc.c.o
LOAD _build/nrf52832_xxaa_s132/nrfx_atomic.c.o
LOAD _build/nrf52832_xxaa_s132/nrf_crypto_ecc.c.o
LOAD _build/nrf52832_xxaa_s132/nrf_crypto_ecdsa.c.o
LOAD _build/nrf52832_xxaa_s132/nrf_crypto_hash.c.o
LOAD _build/nrf52832_xxaa_s132/nrf_crypto_init.c.o
LOAD _build/nrf52832_xxaa_s132/nrf_crypto_shared.c.o
LOAD _build/nrf52832_xxaa_s132/dfu_public_key.c.o
LOAD _build/nrf52832_xxaa_s132/main.c.o
LOAD _build/nrf52832_xxaa_s132/ble_srv_common.c.o
LOAD _build/nrf52832_xxaa_s132/nrf_bootloader.c.o
LOAD _build/nrf52832_xxaa_s132/nrf_bootloader_app_start.c.o
LOAD _build/nrf52832_xxaa_s132/nrf_bootloader_app_start_final.c.o
LOAD _build/nrf52832_xxaa_s132/nrf_bootloader_dfu_timers.c.o
LOAD _build/nrf52832_xxaa_s132/nrf_bootloader_fw_activation.c.o
LOAD _build/nrf52832_xxaa_s132/nrf_bootloader_info.c.o
LOAD _build/nrf52832_xxaa_s132/nrf_bootloader_wdt.c.o
LOAD _build/nrf52832_xxaa_s132/pb_common.c.o
LOAD _build/nrf52832_xxaa_s132/pb_decode.c.o
LOAD _build/nrf52832_xxaa_s132/nrf_sw_backend_hash.c.o
LOAD _build/nrf52832_xxaa_s132/dfu-cc.pb.c.o
LOAD _build/nrf52832_xxaa_s132/nrf_dfu.c.o
LOAD _build/nrf52832_xxaa_s132/nrf_dfu_ble.c.o
LOAD _build/nrf52832_xxaa_s132/nrf_dfu_flash.c.o
LOAD _build/nrf52832_xxaa_s132/nrf_dfu_handling_error.c.o
LOAD _build/nrf52832_xxaa_s132/nrf_dfu_mbr.c.o
LOAD _build/nrf52832_xxaa_s132/nrf_dfu_req_handler.c.o
LOAD _build/nrf52832_xxaa_s132/nrf_dfu_settings.c.o
LOAD _build/nrf52832_xxaa_s132/nrf_dfu_settings_svci.c.o
LOAD _build/nrf52832_xxaa_s132/nrf_dfu_transport.c.o
LOAD _build/nrf52832_xxaa_s132/nrf_dfu_utils.c.o
LOAD _build/nrf52832_xxaa_s132/nrf_dfu_validation.c.o
LOAD _build/nrf52832_xxaa_s132/nrf_dfu_ver_validation.c.o
LOAD _build/nrf52832_xxaa_s132/nrf_dfu_svci.c.o
LOAD _build/nrf52832_xxaa_s132/nrf_dfu_svci_handler.c.o
LOAD _build/nrf52832_xxaa_s132/nrf_svc_handler.c.o
LOAD _build/nrf52832_xxaa_s132/nrf_sdh.c.o
LOAD _build/nrf52832_xxaa_s132/nrf_sdh_ble.c.o
LOAD _build/nrf52832_xxaa_s132/nrf_sdh_soc.c.o
LOAD _build/nrf52832_xxaa_s132/oberon_backend_chacha_poly_aead.c.o
LOAD _build/nrf52832_xxaa_s132/oberon_backend_ecc.c.o
LOAD _build/nrf52832_xxaa_s132/oberon_backend_ecdh.c.o
LOAD _build/nrf52832_xxaa_s132/oberon_backend_ecdsa.c.o
LOAD _build/nrf52832_xxaa_s132/oberon_backend_eddsa.c.o
LOAD _build/nrf52832_xxaa_s132/oberon_backend_hash.c.o
LOAD _build/nrf52832_xxaa_s132/oberon_backend_hmac.c.o
LOAD ../../../../../external/nrf_oberon/lib/cortex-m4/hard-float/liboberon_3.0.1.a
LOAD ../../../../../external/micro-ecc/nrf52hf_armgcc/armgcc/micro_ecc_lib_nrf52.a
LOAD /usr/lib/gcc/arm-none-eabi/9.2.1/../../../arm-none-eabi/lib/thumb/v7e-m+fp/hard/libc_nano.a
LOAD /usr/lib/gcc/arm-none-eabi/9.2.1/../../../arm-none-eabi/lib/thumb/v7e-m+fp/hard/libnosys.a
LOAD /usr/lib/gcc/arm-none-eabi/9.2.1/../../../arm-none-eabi/lib/thumb/v7e-m+fp/hard/libm.a
START GROUP
LOAD /usr/lib/gcc/arm-none-eabi/9.2.1/thumb/v7e-m+fp/hard/libgcc.a
LOAD /usr/lib/gcc/arm-none-eabi/9.2.1/../../../arm-none-eabi/lib/thumb/v7e-m+fp/hard/libg_nano.a
LOAD /usr/lib/gcc/arm-none-eabi/9.2.1/../../../arm-none-eabi/lib/thumb/v7e-m+fp/hard/libc_nano.a
END GROUP
START GROUP
LOAD /usr/lib/gcc/arm-none-eabi/9.2.1/thumb/v7e-m+fp/hard/libgcc.a
LOAD /usr/lib/gcc/arm-none-eabi/9.2.1/../../../arm-none-eabi/lib/thumb/v7e-m+fp/hard/libc_nano.a
END GROUP
LOAD /usr/lib/gcc/arm-none-eabi/9.2.1/thumb/v7e-m+fp/hard/crtend.o
LOAD /usr/lib/gcc/arm-none-eabi/9.2.1/thumb/v7e-m+fp/hard/crtn.o
START GROUP
LOAD /usr/lib/gcc/arm-none-eabi/9.2.1/thumb/v7e-m+fp/hard/libgcc.a
LOAD /usr/lib/gcc/arm-none-eabi/9.2.1/../../../arm-none-eabi/lib/thumb/v7e-m+fp/hard/libc.a
LOAD /usr/lib/gcc/arm-none-eabi/9.2.1/../../../arm-none-eabi/lib/thumb/v7e-m+fp/hard/libnosys.a
END GROUP

.tm_clone_table
                0x0000000020005a0c        0x0 load address 0x000000000007c03c
 .tm_clone_table
                0x0000000020005a0c        0x0 /usr/lib/gcc/arm-none-eabi/9.2.1/thumb/v7e-m+fp/hard/crtbegin.o
 .tm_clone_table
                0x0000000020005a0c        0x0 /usr/lib/gcc/arm-none-eabi/9.2.1/thumb/v7e-m+fp/hard/crtend.o

.igot.plt       0x0000000020005a0c        0x0 load address 0x000000000007c03c
 .igot.plt      0x0000000020005a0c        0x0 /usr/lib/gcc/arm-none-eabi/9.2.1/thumb/v7e-m+fp/hard/crtbegin.o
                0x0000000020005a0c                . = ALIGN (0x4)

.uicr_bootloader_start_address
                0x0000000010001014        0x4
                [!provide]                        PROVIDE (__start_uicr_bootloader_start_address = .)
 *(SORT_BY_NAME(.uicr_bootloader_start_address*))
 .uicr_bootloader_start_address
                0x0000000010001014        0x4 _build/nrf52832_xxaa_s132/nrf_bootloader_info.c.o
                0x0000000010001014                m_uicr_bootloader_start_address
                [!provide]                        PROVIDE (__stop_uicr_bootloader_start_address = .)
                0x0000000010001018                . = ALIGN (0x4)

.bootloader_settings_page
                0x000000000007f000     0x1000
                [!provide]                        PROVIDE (__start_bootloader_settings_page = .)
 *(SORT_BY_NAME(.bootloader_settings_page*))
 .bootloader_settings_page
                0x000000000007f000     0x1000 _build/nrf52832_xxaa_s132/nrf_dfu_settings.c.o
                0x000000000007f000                m_dfu_settings_buffer
                [!provide]                        PROVIDE (__stop_bootloader_settings_page = .)
                0x0000000000080000                . = ALIGN (0x4)

.uicr_mbr_params_page
                0x0000000010001018        0x4
                [!provide]                        PROVIDE (__start_uicr_mbr_params_page = .)
 *(SORT_BY_NAME(.uicr_mbr_params_page*))
 .uicr_mbr_params_page
                0x0000000010001018        0x4 _build/nrf52832_xxaa_s132/nrf_dfu_settings.c.o
                0x0000000010001018                m_uicr_mbr_params_page_address
                [!provide]                        PROVIDE (__stop_uicr_mbr_params_page = .)

.rel.dyn        0x000000001000101c        0x0
 .rel.iplt      0x000000001000101c        0x0 /usr/lib/gcc/arm-none-eabi/9.2.1/thumb/v7e-m+fp/hard/crtbegin.o
                0x000000001000101c                . = ALIGN (0x4)

.mbr_params_page
                0x000000000007e000     0x1000
                [!provide]                        PROVIDE (__start_mbr_params_page = .)
 *(SORT_BY_NAME(.mbr_params_page*))
 .mbr_params_page
                0x000000000007e000     0x1000 _build/nrf52832_xxaa_s132/nrf_dfu_settings.c.o
                0x000000000007e000                m_mbr_params_page
                [!provide]                        PROVIDE (__stop_mbr_params_page = .)
                0x000000000007f000                . = ALIGN (0x4)

.mem_section_dummy_ram

.log_dynamic_data
                0x0000000020005a0c        0x0
                [!provide]                        PROVIDE (__start_log_dynamic_data = .)
 *(SORT_BY_NAME(.log_dynamic_data*))
                [!provide]                        PROVIDE (__stop_log_dynamic_data = .)

.log_filter_data
                0x0000000020005a0c        0x0
                [!provide]                        PROVIDE (__start_log_filter_data = .)
 *(SORT_BY_NAME(.log_filter_data*))
                [!provide]                        PROVIDE (__stop_log_filter_data = .)

.fs_data        0x0000000020005a0c       0x14 load address 0x000000000007c03c
                0x0000000020005a0c                PROVIDE (__start_fs_data = .)
 *(.fs_data)
 .fs_data       0x0000000020005a0c       0x14 _build/nrf52832_xxaa_s132/nrf_dfu_flash.c.o
                0x0000000020005a0c                m_fs
                0x0000000020005a20                PROVIDE (__stop_fs_data = .)

.bss            0x0000000020005a20     0x265c load address 0x000000000007c050
                0x0000000020005a20                . = ALIGN (0x4)
                0x0000000020005a20                __bss_start__ = .
 *(.bss*)
 .bss           0x0000000020005a20       0x1c /usr/lib/gcc/arm-none-eabi/9.2.1/thumb/v7e-m+fp/hard/crtbegin.o
 .bss.m_queue_end_index
                0x0000000020005a3c        0x1 _build/nrf52832_xxaa_s132/app_scheduler.c.o
 *fill*         0x0000000020005a3d        0x3 
 .bss.m_queue_event_data
                0x0000000020005a40        0x4 _build/nrf52832_xxaa_s132/app_scheduler.c.o
 .bss.m_queue_event_headers
                0x0000000020005a44        0x4 _build/nrf52832_xxaa_s132/app_scheduler.c.o
 .bss.m_queue_event_size
                0x0000000020005a48        0x2 _build/nrf52832_xxaa_s132/app_scheduler.c.o
 .bss.m_queue_size
                0x0000000020005a4a        0x2 _build/nrf52832_xxaa_s132/app_scheduler.c.o
 .bss.m_queue_start_index
                0x0000000020005a4c        0x1 _build/nrf52832_xxaa_s132/app_scheduler.c.o
 *fill*         0x0000000020005a4d        0x3 
 .bss.m_flash_operation_ongoing
                0x0000000020005a50        0x4 _build/nrf52832_xxaa_s132/nrf_fstorage_nvmc.c.o
 .bss.m_fifo_data
                0x0000000020005a54      0x1dc _build/nrf52832_xxaa_s132/nrf_fstorage_sd.c.o
 .bss.m_fifo_inst
                0x0000000020005c30       0x10 _build/nrf52832_xxaa_s132/nrf_fstorage_sd.c.o
 .bss.m_flags   0x0000000020005c40       0x14 _build/nrf52832_xxaa_s132/nrf_fstorage_sd.c.o
 .bss.m_iget_ctx
                0x0000000020005c54        0x4 _build/nrf52832_xxaa_s132/nrf_fstorage_sd.c.o
 .bss.m_p_cur_op
                0x0000000020005c58        0x4 _build/nrf52832_xxaa_s132/nrf_fstorage_sd.c.o
 .bss.m_state   0x0000000020005c5c        0x1 _build/nrf52832_xxaa_s132/nrf_crypto_init.c.o
 *fill*         0x0000000020005c5d        0x3 
 .bss.APP_SCHED_BUF.10675
                0x0000000020005c60      0x420 _build/nrf52832_xxaa_s132/nrf_bootloader.c.o
 .bss.m_flash_write_done
                0x0000000020006080        0x1 _build/nrf52832_xxaa_s132/nrf_bootloader.c.o
 *fill*         0x0000000020006081        0x3 
 .bss.m_user_observer
                0x0000000020006084        0x4 _build/nrf52832_xxaa_s132/nrf_bootloader.c.o
 .bss.m_counter_loops
                0x0000000020006088        0x4 _build/nrf52832_xxaa_s132/nrf_bootloader_dfu_timers.c.o
                0x0000000020006088                m_counter_loops
 .bss.m_timer_initialized.9001
                0x000000002000608c        0x1 _build/nrf52832_xxaa_s132/nrf_bootloader_dfu_timers.c.o
 .bss.m_flash_write_done
                0x000000002000608d        0x1 _build/nrf52832_xxaa_s132/nrf_bootloader_fw_activation.c.o
 .bss.initialized.8955
                0x000000002000608e        0x1 _build/nrf52832_xxaa_s132/nrf_bootloader_wdt.c.o
 *fill*         0x000000002000608f        0x1 
 .bss.m_user_observer
                0x0000000020006090        0x4 _build/nrf52832_xxaa_s132/nrf_dfu.c.o
 .bss.m_adv_name
                0x0000000020006094       0x1c _build/nrf52832_xxaa_s132/nrf_dfu_ble.c.o
 .bss.m_buffer_pool_nrf_balloc_cb
                0x00000000200060b0        0x8 _build/nrf52832_xxaa_s132/nrf_dfu_ble.c.o
 .bss.m_buffer_pool_nrf_balloc_pool_mem
                0x00000000200060b8     0x1034 _build/nrf52832_xxaa_s132/nrf_dfu_ble.c.o
 .bss.m_buffer_pool_nrf_balloc_pool_stack
                0x00000000200070ec       0x11 _build/nrf52832_xxaa_s132/nrf_dfu_ble.c.o
 *fill*         0x00000000200070fd        0x1 
 .bss.m_dfu     0x00000000200070fe       0x14 _build/nrf52832_xxaa_s132/nrf_dfu_ble.c.o
 .bss.m_enc_advdata.10655
                0x0000000020007112       0x1f _build/nrf52832_xxaa_s132/nrf_dfu_ble.c.o
 *fill*         0x0000000020007131        0x3 
 .bss.m_flags   0x0000000020007134        0x4 _build/nrf52832_xxaa_s132/nrf_dfu_ble.c.o
 .bss.m_observer
                0x0000000020007138        0x4 _build/nrf52832_xxaa_s132/nrf_dfu_ble.c.o
 .bss.m_pkt_notif_target
                0x000000002000713c        0x2 _build/nrf52832_xxaa_s132/nrf_dfu_ble.c.o
 .bss.m_pkt_notif_target_cnt
                0x000000002000713e        0x2 _build/nrf52832_xxaa_s132/nrf_dfu_ble.c.o
 .bss.m_last_error
                0x0000000020007140        0x1 _build/nrf52832_xxaa_s132/nrf_dfu_handling_error.c.o
 *fill*         0x0000000020007141        0x3 
 .bss.m_firmware_size_req
                0x0000000020007144        0x4 _build/nrf52832_xxaa_s132/nrf_dfu_req_handler.c.o
 .bss.m_firmware_start_addr
                0x0000000020007148        0x4 _build/nrf52832_xxaa_s132/nrf_dfu_req_handler.c.o
 .bss.m_observer
                0x000000002000714c        0x4 _build/nrf52832_xxaa_s132/nrf_dfu_req_handler.c.o
 .bss.dfu_settings_buffer.9635
                0x0000000020007150      0x380 _build/nrf52832_xxaa_s132/nrf_dfu_settings.c.o
 .bss.dfu_settings_buffer.9640
                0x00000000200074d0      0x380 _build/nrf52832_xxaa_s132/nrf_dfu_settings.c.o
 .bss.m_crypto_initialized
                0x0000000020007850        0x1 _build/nrf52832_xxaa_s132/nrf_dfu_validation.c.o
 .bss.m_fw_hash
                0x0000000020007851       0x20 _build/nrf52832_xxaa_s132/nrf_dfu_validation.c.o
 *fill*         0x0000000020007871        0x3 
 .bss.m_init_packet_data_len
                0x0000000020007874        0x4 _build/nrf52832_xxaa_s132/nrf_dfu_validation.c.o
 .bss.m_init_packet_data_ptr
                0x0000000020007878        0x4 _build/nrf52832_xxaa_s132/nrf_dfu_validation.c.o
 .bss.m_init_packet_valid
                0x000000002000787c        0x1 _build/nrf52832_xxaa_s132/nrf_dfu_validation.c.o
 *fill*         0x000000002000787d        0x3 
 .bss.m_packet  0x0000000020007880      0x31c _build/nrf52832_xxaa_s132/nrf_dfu_validation.c.o
 .bss.m_pb_stream
                0x0000000020007b9c       0x10 _build/nrf52832_xxaa_s132/nrf_dfu_validation.c.o
 .bss.m_public_key
                0x0000000020007bac       0x48 _build/nrf52832_xxaa_s132/nrf_dfu_validation.c.o
 .bss.m_sig_hash
                0x0000000020007bf4       0x20 _build/nrf52832_xxaa_s132/nrf_dfu_validation.c.o
 .bss.m_signature
                0x0000000020007c14       0x40 _build/nrf52832_xxaa_s132/nrf_dfu_validation.c.o
 .bss.m_valid_init_cmd_present
                0x0000000020007c54        0x1 _build/nrf52832_xxaa_s132/nrf_dfu_validation.c.o
 *fill*         0x0000000020007c55        0x3 
 .bss.mp_init   0x0000000020007c58        0x4 _build/nrf52832_xxaa_s132/nrf_dfu_validation.c.o
 .bss.m_nrf_sdh_continue
                0x0000000020007c5c        0x1 _build/nrf52832_xxaa_s132/nrf_sdh.c.o
 .bss.m_nrf_sdh_enabled
                0x0000000020007c5d        0x1 _build/nrf52832_xxaa_s132/nrf_sdh.c.o
 .bss.m_nrf_sdh_suspended
                0x0000000020007c5e        0x1 _build/nrf52832_xxaa_s132/nrf_sdh.c.o
 .bss.m_stack_is_enabled
                0x0000000020007c5f        0x1 _build/nrf52832_xxaa_s132/nrf_sdh_ble.c.o
 .bss           0x0000000020007c60       0x8c /usr/lib/gcc/arm-none-eabi/9.2.1/../../../arm-none-eabi/lib/thumb/v7e-m+fp/hard/libc_nano.a(lib_a-__atexit.o)
 .bss           0x0000000020007cec        0x4 /usr/lib/gcc/arm-none-eabi/9.2.1/../../../arm-none-eabi/lib/thumb/v7e-m+fp/hard/libc_nano.a(lib_a-__call_atexit.o)
                0x0000000020007cec                _global_atexit
 *(COMMON)
 COMMON         0x0000000020007cf0        0xc _build/nrf52832_xxaa_s132/app_util_platform.c.o
                0x0000000020007cf0                nrf_nvic_state
 COMMON         0x0000000020007cfc      0x380 _build/nrf52832_xxaa_s132/nrf_dfu_settings.c.o
                0x0000000020007cfc                s_dfu_settings
                0x000000002000807c                . = ALIGN (0x4)
                0x000000002000807c                __bss_end__ = .

.heap           0x0000000020008080        0x0
                0x0000000020008080                __HeapBase = .
                0x0000000020008080                __end__ = .
                [!provide]                        PROVIDE (end = .)
 *(.heap*)
 .heap          0x0000000020008080        0x0 _build/nrf52832_xxaa_s132/gcc_startup_nrf52.S.o
                0x0000000020008080                __HeapLimit = .

.stack_dummy    0x0000000020008080     0x2000
 *(.stack*)
 .stack         0x0000000020008080     0x2000 _build/nrf52832_xxaa_s132/gcc_startup_nrf52.S.o
                0x0000000020010000                __StackTop = (ORIGIN (RAM) + LENGTH (RAM))
                0x000000002000e000                __StackLimit = (__StackTop - SIZEOF (.stack_dummy))
                0x0000000020010000                PROVIDE (__stack = __StackTop)
                0x0000000000000001                ASSERT ((__StackLimit >= __HeapLimit), region RAM overflowed with stack)
                0x00000000000000b8                DataInitFlashUsed = (__bss_start__ - __data_start__)
                0x0000000000005f98                CodeFlashUsed = (__etext - ORIGIN (FLASH))
                0x0000000000006050                TotalFlashUsed = (CodeFlashUsed + DataInitFlashUsed)
                0x0000000000000001                ASSERT ((TotalFlashUsed <= LENGTH (FLASH)), region FLASH overflowed with .data and user data)
OUTPUT(_build/nrf52832_xxaa_s132.out elf32-littlearm)
LOAD linker stubs

.ARM.attributes
                0x0000000000000000       0x30
 .ARM.attributes
                0x0000000000000000       0x1e /usr/lib/gcc/arm-none-eabi/9.2.1/thumb/v7e-m+fp/hard/crti.o
 .ARM.attributes
                0x000000000000001e       0x34 /usr/lib/gcc/arm-none-eabi/9.2.1/thumb/v7e-m+fp/hard/crtbegin.o
 .ARM.attributes
                0x0000000000000052       0x1c /usr/lib/gcc/arm-none-eabi/9.2.1/../../../arm-none-eabi/lib/thumb/v7e-m+fp/hard/crt0.o
 .ARM.attributes
                0x000000000000006e       0x20 _build/nrf52832_xxaa_s132/gcc_startup_nrf52.S.o
 .ARM.attributes
                0x000000000000008e       0x34 _build/nrf52832_xxaa_s132/system_nrf52.c.o
 .ARM.attributes
                0x00000000000000c2       0x34 _build/nrf52832_xxaa_s132/app_scheduler.c.o
 .ARM.attributes
                0x00000000000000f6       0x34 _build/nrf52832_xxaa_s132/app_util_platform.c.o
 .ARM.attributes
                0x000000000000012a       0x34 _build/nrf52832_xxaa_s132/crc32.c.o
 .ARM.attributes
                0x000000000000015e       0x34 _build/nrf52832_xxaa_s132/nrf_atfifo.c.o
 .ARM.attributes
                0x0000000000000192       0x34 _build/nrf52832_xxaa_s132/nrf_atomic.c.o
 .ARM.attributes
                0x00000000000001c6       0x34 _build/nrf52832_xxaa_s132/nrf_balloc.c.o
 .ARM.attributes
                0x00000000000001fa       0x34 _build/nrf52832_xxaa_s132/nrf_fstorage.c.o
 .ARM.attributes
                0x000000000000022e       0x34 _build/nrf52832_xxaa_s132/nrf_fstorage_nvmc.c.o
 .ARM.attributes
                0x0000000000000262       0x34 _build/nrf52832_xxaa_s132/nrf_fstorage_sd.c.o
 .ARM.attributes
                0x0000000000000296       0x34 _build/nrf52832_xxaa_s132/nrf_section_iter.c.o
 .ARM.attributes
                0x00000000000002ca       0x34 _build/nrf52832_xxaa_s132/sha256.c.o
 .ARM.attributes
                0x00000000000002fe       0x34 _build/nrf52832_xxaa_s132/micro_ecc_backend_ecc.c.o
 .ARM.attributes
                0x0000000000000332       0x34 _build/nrf52832_xxaa_s132/micro_ecc_backend_ecdsa.c.o
 .ARM.attributes
                0x0000000000000366       0x34 _build/nrf52832_xxaa_s132/boards.c.o
 .ARM.attributes
                0x000000000000039a       0x34 _build/nrf52832_xxaa_s132/nrf_nvmc.c.o
 .ARM.attributes
                0x00000000000003ce       0x34 _build/nrf52832_xxaa_s132/nrf_crypto_ecc.c.o
 .ARM.attributes
                0x0000000000000402       0x34 _build/nrf52832_xxaa_s132/nrf_crypto_ecdsa.c.o
 .ARM.attributes
                0x0000000000000436       0x34 _build/nrf52832_xxaa_s132/nrf_crypto_hash.c.o
 .ARM.attributes
                0x000000000000046a       0x34 _build/nrf52832_xxaa_s132/nrf_crypto_init.c.o
 .ARM.attributes
                0x000000000000049e       0x34 _build/nrf52832_xxaa_s132/nrf_crypto_shared.c.o
 .ARM.attributes
                0x00000000000004d2       0x39 _build/nrf52832_xxaa_s132/dfu_public_key.c.o
 .ARM.attributes
                0x000000000000050b       0x34 _build/nrf52832_xxaa_s132/main.c.o
 .ARM.attributes
                0x000000000000053f       0x34 _build/nrf52832_xxaa_s132/ble_srv_common.c.o
 .ARM.attributes
                0x0000000000000573       0x34 _build/nrf52832_xxaa_s132/nrf_bootloader.c.o
 .ARM.attributes
                0x00000000000005a7       0x34 _build/nrf52832_xxaa_s132/nrf_bootloader_app_start.c.o
 .ARM.attributes
                0x00000000000005db       0x34 _build/nrf52832_xxaa_s132/nrf_bootloader_app_start_final.c.o
 .ARM.attributes
                0x000000000000060f       0x34 _build/nrf52832_xxaa_s132/nrf_bootloader_dfu_timers.c.o
 .ARM.attributes
                0x0000000000000643       0x34 _build/nrf52832_xxaa_s132/nrf_bootloader_fw_activation.c.o
 .ARM.attributes
                0x0000000000000677       0x34 _build/nrf52832_xxaa_s132/nrf_bootloader_info.c.o
 .ARM.attributes
                0x00000000000006ab       0x34 _build/nrf52832_xxaa_s132/nrf_bootloader_wdt.c.o
 .ARM.attributes
                0x00000000000006df       0x34 _build/nrf52832_xxaa_s132/pb_common.c.o
 .ARM.attributes
                0x0000000000000713       0x34 _build/nrf52832_xxaa_s132/pb_decode.c.o
 .ARM.attributes
                0x0000000000000747       0x34 _build/nrf52832_xxaa_s132/nrf_sw_backend_hash.c.o
 .ARM.attributes
                0x000000000000077b       0x39 _build/nrf52832_xxaa_s132/dfu-cc.pb.c.o
 .ARM.attributes
                0x00000000000007b4       0x34 _build/nrf52832_xxaa_s132/nrf_dfu.c.o
 .ARM.attributes
                0x00000000000007e8       0x34 _build/nrf52832_xxaa_s132/nrf_dfu_ble.c.o
 .ARM.attributes
                0x000000000000081c       0x34 _build/nrf52832_xxaa_s132/nrf_dfu_flash.c.o
 .ARM.attributes
                0x0000000000000850       0x34 _build/nrf52832_xxaa_s132/nrf_dfu_handling_error.c.o
 .ARM.attributes
                0x0000000000000884       0x34 _build/nrf52832_xxaa_s132/nrf_dfu_mbr.c.o
 .ARM.attributes
                0x00000000000008b8       0x34 _build/nrf52832_xxaa_s132/nrf_dfu_req_handler.c.o
 .ARM.attributes
                0x00000000000008ec       0x34 _build/nrf52832_xxaa_s132/nrf_dfu_settings.c.o
 .ARM.attributes
                0x0000000000000920       0x34 _build/nrf52832_xxaa_s132/nrf_dfu_settings_svci.c.o
 .ARM.attributes
                0x0000000000000954       0x34 _build/nrf52832_xxaa_s132/nrf_dfu_transport.c.o
 .ARM.attributes
                0x0000000000000988       0x34 _build/nrf52832_xxaa_s132/nrf_dfu_utils.c.o
 .ARM.attributes
                0x00000000000009bc       0x34 _build/nrf52832_xxaa_s132/nrf_dfu_validation.c.o
 .ARM.attributes
                0x00000000000009f0       0x34 _build/nrf52832_xxaa_s132/nrf_dfu_ver_validation.c.o
 .ARM.attributes
                0x0000000000000a24       0x34 _build/nrf52832_xxaa_s132/nrf_dfu_svci_handler.c.o
 .ARM.attributes
                0x0000000000000a58       0x34 _build/nrf52832_xxaa_s132/nrf_svc_handler.c.o
 .ARM.attributes
                0x0000000000000a8c       0x34 _build/nrf52832_xxaa_s132/nrf_sdh.c.o
 .ARM.attributes
                0x0000000000000ac0       0x34 _build/nrf52832_xxaa_s132/nrf_sdh_ble.c.o
 .ARM.attributes
                0x0000000000000af4       0x34 _build/nrf52832_xxaa_s132/nrf_sdh_soc.c.o
 .ARM.attributes
                0x0000000000000b28       0x34 ../../../../../external/micro-ecc/nrf52hf_armgcc/armgcc/micro_ecc_lib_nrf52.a(uECC.c.o)
 .ARM.attributes
                0x0000000000000b5c       0x34 /usr/lib/gcc/arm-none-eabi/9.2.1/../../../arm-none-eabi/lib/thumb/v7e-m+fp/hard/libc_nano.a(lib_a-atexit.o)
 .ARM.attributes
                0x0000000000000b90       0x34 /usr/lib/gcc/arm-none-eabi/9.2.1/../../../arm-none-eabi/lib/thumb/v7e-m+fp/hard/libc_nano.a(lib_a-exit.o)
 .ARM.attributes
                0x0000000000000bc4       0x34 /usr/lib/gcc/arm-none-eabi/9.2.1/../../../arm-none-eabi/lib/thumb/v7e-m+fp/hard/libc_nano.a(lib_a-fini.o)
 .ARM.attributes
                0x0000000000000bf8       0x32 /usr/lib/gcc/arm-none-eabi/9.2.1/../../../arm-none-eabi/lib/thumb/v7e-m+fp/hard/libc_nano.a(lib_a-impure.o)
 .ARM.attributes
                0x0000000000000c2a       0x34 /usr/lib/gcc/arm-none-eabi/9.2.1/../../../arm-none-eabi/lib/thumb/v7e-m+fp/hard/libc_nano.a(lib_a-init.o)
 .ARM.attributes
                0x0000000000000c5e       0x34 /usr/lib/gcc/arm-none-eabi/9.2.1/../../../arm-none-eabi/lib/thumb/v7e-m+fp/hard/libc_nano.a(lib_a-memcmp.o)
 .ARM.attributes
                0x0000000000000c92       0x1c /usr/lib/gcc/arm-none-eabi/9.2.1/../../../arm-none-eabi/lib/thumb/v7e-m+fp/hard/libc_nano.a(lib_a-memcpy.o)
 .ARM.attributes
                0x0000000000000cae       0x34 /usr/lib/gcc/arm-none-eabi/9.2.1/../../../arm-none-eabi/lib/thumb/v7e-m+fp/hard/libc_nano.a(lib_a-memset.o)
 .ARM.attributes
                0x0000000000000ce2       0x1c /usr/lib/gcc/arm-none-eabi/9.2.1/../../../arm-none-eabi/lib/thumb/v7e-m+fp/hard/libc_nano.a(lib_a-strlen.o)
 .ARM.attributes
                0x0000000000000cfe       0x34 /usr/lib/gcc/arm-none-eabi/9.2.1/../../../arm-none-eabi/lib/thumb/v7e-m+fp/hard/libc_nano.a(lib_a-__atexit.o)
 .ARM.attributes
                0x0000000000000d32       0x34 /usr/lib/gcc/arm-none-eabi/9.2.1/../../../arm-none-eabi/lib/thumb/v7e-m+fp/hard/libc_nano.a(lib_a-__call_atexit.o)
 .ARM.attributes
                0x0000000000000d66       0x34 /usr/lib/gcc/arm-none-eabi/9.2.1/../../../arm-none-eabi/lib/thumb/v7e-m+fp/hard/libnosys.a(_exit.o)
 .ARM.attributes
                0x0000000000000d9a       0x32 /usr/lib/gcc/arm-none-eabi/9.2.1/thumb/v7e-m+fp/hard/crtend.o
 .ARM.attributes
                0x0000000000000dcc       0x1e /usr/lib/gcc/arm-none-eabi/9.2.1/thumb/v7e-m+fp/hard/crtn.o

.comment        0x0000000000000000       0xa7
 .comment       0x0000000000000000       0x59 /usr/lib/gcc/arm-none-eabi/9.2.1/thumb/v7e-m+fp/hard/crtbegin.o
                                         0x5a (size before relaxing)
 .comment       0x0000000000000059       0x5a _build/nrf52832_xxaa_s132/system_nrf52.c.o
 .comment       0x0000000000000059       0x5a _build/nrf52832_xxaa_s132/app_scheduler.c.o
 .comment       0x0000000000000059       0x5a _build/nrf52832_xxaa_s132/app_util_platform.c.o
 .comment       0x0000000000000059       0x5a _build/nrf52832_xxaa_s132/crc32.c.o
 .comment       0x0000000000000059       0x5a _build/nrf52832_xxaa_s132/nrf_atfifo.c.o